Archive member included to satisfy reference by file (symbol)

app/libapp.a(main.c.obj)      (--whole-archive)
zephyr/libzephyr.a(validate_libc.c.obj)
                              (--whole-archive)
zephyr/libzephyr.a(heap.c.obj)
                              (--whole-archive)
zephyr/libzephyr.a(cbprintf_packaged.c.obj)
                              (--whole-archive)
zephyr/libzephyr.a(clock.c.obj)
                              (--whole-archive)
zephyr/libzephyr.a(printk.c.obj)
                              (--whole-archive)
zephyr/libzephyr.a(sem.c.obj)
                              (--whole-archive)
zephyr/libzephyr.a(thread_entry.c.obj)
                              (--whole-archive)
zephyr/libzephyr.a(cbprintf_complete.c.obj)
                              (--whole-archive)
zephyr/libzephyr.a(cbprintf.c.obj)
                              (--whole-archive)
zephyr/libzephyr.a(assert.c.obj)
                              (--whole-archive)
zephyr/libzephyr.a(dec.c.obj)
                              (--whole-archive)
zephyr/libzephyr.a(hex.c.obj)
                              (--whole-archive)
zephyr/libzephyr.a(rb.c.obj)  (--whole-archive)
zephyr/libzephyr.a(timeutil.c.obj)
                              (--whole-archive)
zephyr/libzephyr.a(bitarray.c.obj)
                              (--whole-archive)
zephyr/libzephyr.a(bitmask.c.obj)
                              (--whole-archive)
zephyr/libzephyr.a(getopt.c.obj)
                              (--whole-archive)
zephyr/libzephyr.a(getopt_common.c.obj)
                              (--whole-archive)
zephyr/libzephyr.a(onoff.c.obj)
                              (--whole-archive)
zephyr/libzephyr.a(notify.c.obj)
                              (--whole-archive)
zephyr/libzephyr.a(ring_buffer.c.obj)
                              (--whole-archive)
zephyr/libzephyr.a(last_section_id.c.obj)
                              (--whole-archive)
zephyr/libzephyr.a(configs.c.obj)
                              (--whole-archive)
zephyr/libzephyr.a(mem_attr.c.obj)
                              (--whole-archive)
zephyr/libzephyr.a(tracing_none.c.obj)
                              (--whole-archive)
zephyr/libzephyr.a(banner.c.obj)
                              (--whole-archive)
zephyr/libzephyr.a(flash_map_partition_manager.c.obj)
                              (--whole-archive)
zephyr/arch/common/libarch__common.a(sw_isr_common.c.obj)
                              (--whole-archive)
zephyr/arch/common/libarch__common.a(init.c.obj)
                              (--whole-archive)
zephyr/arch/common/libarch__common.a(xip.c.obj)
                              (--whole-archive)
zephyr/arch/arch/arm/core/libarch__arm__core.a(fatal.c.obj)
                              (--whole-archive)
zephyr/arch/arch/arm/core/libarch__arm__core.a(nmi.c.obj)
                              (--whole-archive)
zephyr/arch/arch/arm/core/libarch__arm__core.a(nmi_on_reset.S.obj)
                              (--whole-archive)
zephyr/arch/arch/arm/core/cortex_m/libarch__arm__core__cortex_m.a(exc_exit.c.obj)
                              (--whole-archive)
zephyr/arch/arch/arm/core/cortex_m/libarch__arm__core__cortex_m.a(fault.c.obj)
                              (--whole-archive)
zephyr/arch/arch/arm/core/cortex_m/libarch__arm__core__cortex_m.a(fault_s.S.obj)
                              (--whole-archive)
zephyr/arch/arch/arm/core/cortex_m/libarch__arm__core__cortex_m.a(fpu.c.obj)
                              (--whole-archive)
zephyr/arch/arch/arm/core/cortex_m/libarch__arm__core__cortex_m.a(reset.S.obj)
                              (--whole-archive)
zephyr/arch/arch/arm/core/cortex_m/libarch__arm__core__cortex_m.a(scb.c.obj)
                              (--whole-archive)
zephyr/arch/arch/arm/core/cortex_m/libarch__arm__core__cortex_m.a(thread_abort.c.obj)
                              (--whole-archive)
zephyr/arch/arch/arm/core/cortex_m/libarch__arm__core__cortex_m.a(vector_table.S.obj)
                              (--whole-archive)
zephyr/arch/arch/arm/core/cortex_m/libarch__arm__core__cortex_m.a(swap_helper.S.obj)
                              (--whole-archive)
zephyr/arch/arch/arm/core/cortex_m/libarch__arm__core__cortex_m.a(irq_manage.c.obj)
                              (--whole-archive)
zephyr/arch/arch/arm/core/cortex_m/libarch__arm__core__cortex_m.a(prep_c.c.obj)
                              (--whole-archive)
zephyr/arch/arch/arm/core/cortex_m/libarch__arm__core__cortex_m.a(thread.c.obj)
                              (--whole-archive)
zephyr/arch/arch/arm/core/cortex_m/libarch__arm__core__cortex_m.a(cpu_idle.c.obj)
                              (--whole-archive)
zephyr/arch/arch/arm/core/cortex_m/libarch__arm__core__cortex_m.a(irq_init.c.obj)
                              (--whole-archive)
zephyr/arch/arch/arm/core/cortex_m/libarch__arm__core__cortex_m.a(isr_wrapper.c.obj)
                              (--whole-archive)
[...]
Memory Configuration

Name             Origin             Length             Attributes
FLASH            0x0000000000000000 0x0000000000165000 xr
RAM              0x0000000020000000 0x000000000002f000 xw
IDT_LIST         0x00000000ffff7fff 0x0000000000008000 xw
*default*        0x0000000000000000 0xffffffffffffffff

Linker script and memory map

LOAD zephyr/CMakeFiles/zephyr_pre0.dir/misc/empty_file.c.obj
LOAD zephyr/CMakeFiles/offsets.dir/./arch/arm/core/offsets/offsets.c.obj
LOAD app/libapp.a
LOAD zephyr/libzephyr.a
LOAD zephyr/arch/common/libarch__common.a
LOAD zephyr/arch/arch/arm/core/libarch__arm__core.a
LOAD zephyr/arch/arch/arm/core/cortex_m/libarch__arm__core__cortex_m.a
LOAD zephyr/arch/arch/arm/core/cortex_m/cmse/libarch__arm__core__cortex_m__cmse.a
LOAD zephyr/arch/arch/arm/core/mpu/libarch__arm__core__mpu.a
LOAD zephyr/lib/libc/newlib/liblib__libc__newlib.a
LOAD zephyr/lib/libc/common/liblib__libc__common.a
LOAD zephyr/lib/posix/c_lib_ext/liblib__posix__c_lib_ext.a
LOAD zephyr/soc/soc/nrf54l15/libsoc__nordic.a
LOAD zephyr/drivers/cache/libdrivers__cache.a
LOAD zephyr/drivers/clock_control/libdrivers__clock_control.a
LOAD zephyr/drivers/console/libdrivers__console.a
LOAD zephyr/drivers/gpio/libdrivers__gpio.a
LOAD zephyr/drivers/i2s/libdrivers__i2s.a
LOAD zephyr/drivers/pinctrl/libdrivers__pinctrl.a
LOAD zephyr/drivers/serial/libdrivers__serial.a
LOAD zephyr/drivers/timer/libdrivers__timer.a
LOAD modules/nrf/subsys/nrf_security/src/zephyr/libmbedtls_zephyr.a
LOAD modules/hal_nordic/modules/hal_nordic/nrfx/libnrfx.a
LOAD zephyr/kernel/libkernel.a
LOAD modules/nrf/subsys/nrf_security/src/libmbedcrypto.a
LOAD modules/nrf/subsys/nrf_security/src/core/nrf_oberon/libpsa_core.a
LOAD modules/nrf/subsys/nrf_security/src/drivers/cracen/libcracen_psa_driver.a
LOAD modules/nrf/subsys/nrf_security/src/libmbedcrypto_base.a
LOAD modules/nrf/subsys/nrf_security/src/libnrf_security_utils.a
LOAD zephyr/kernel/libkernel.a
LOAD D:/work/ncs/toolchains/fd21892d0f/opt/zephyr-sdk/arm-zephyr-eabi/arm-zephyr-eabi/lib/thumb/v8-m.main+fp/hard\libc_nano.a
LOAD zephyr/arch/common/libisr_tables.a
LOAD D:/work/ncs/toolchains/fd21892d0f/opt/zephyr-sdk/arm-zephyr-eabi/arm-zephyr-eabi/lib/thumb/v8-m.main+fp/hard\libm_nano.a
LOAD D:/work/ncs/toolchains/fd21892d0f/opt/zephyr-sdk/arm-zephyr-eabi/arm-zephyr-eabi/lib/thumb/v8-m.main+fp/hard\libc_nano.a
LOAD d:/work/ncs/toolchains/fd21892d0f/opt/zephyr-sdk/arm-zephyr-eabi/bin/../lib/gcc/arm-zephyr-eabi/12.2.0/thumb/v8-m.main+fp/hard\libgcc.a
LOAD D:/work/ncs/toolchains/fd21892d0f/opt/zephyr-sdk/arm-zephyr-eabi/arm-zephyr-eabi/lib/thumb/v8-m.main+fp/hard\libc_nano.a
                0x0000000000000020                _region_min_align = 0x20

.rel.plt        0x0000000000000000        0x0
 *(SORT_BY_ALIGNMENT(.rel.plt))
                [!provide]                        PROVIDE (__rel_iplt_start = .)
 *(SORT_BY_ALIGNMENT(.rel.iplt))
 .rel.iplt      0x0000000000000000        0x0 app/libapp.a(main.c.obj)
                [!provide]                        PROVIDE (__rel_iplt_end = .)

.rela.plt       0x0000000000000000        0x0
 *(SORT_BY_ALIGNMENT(.rela.plt))
                [!provide]                        PROVIDE (__rela_iplt_start = .)
 *(SORT_BY_ALIGNMENT(.rela.iplt))
                [!provide]                        PROVIDE (__rela_iplt_end = .)

.rel.dyn
 *(SORT_BY_ALIGNMENT(.rel.*))

.rela.dyn
 *(SORT_BY_ALIGNMENT(.rela.*))

/DISCARD/
 *(SORT_BY_ALIGNMENT(.plt))

/DISCARD/
 *(SORT_BY_ALIGNMENT(.iplt))
                0x0000000000000000                __rom_region_start = 0x0

rom_start       0x0000000000000000      0x47c
                0x0000000000000000                __rom_start_address = .
 FILL mask 0x00
                0x0000000000000000                . = (. + (0x0 - (. - __rom_start_address)))
                0x0000000000000000                . = ALIGN (0x4)
                0x0000000000000000                . = ALIGN (0x80)
                0x0000000000000000                . = ALIGN (0x800)
                0x0000000000000000                _vector_start = .
 *(SORT_BY_ALIGNMENT(.exc_vector_table))
 *(SORT_BY_ALIGNMENT(.exc_vector_table.*))
 .exc_vector_table._vector_table_section
                0x0000000000000000       0x40 zephyr/arch/arch/arm/core/cortex_m/libarch__arm__core__cortex_m.a(vector_table.S.obj)
                0x0000000000000000                _vector_table
 *(SORT_BY_ALIGNMENT(.vectors))
                0x000000000000047c                _vector_end = .
                0x0000000000000040                . = ALIGN (0x4)
 *(SORT_BY_ALIGNMENT(.gnu.linkonce.irq_vector_table*))
 .gnu.linkonce.irq_vector_table
                0x0000000000000040      0x43c zephyr/arch/common/libisr_tables.a(isr_tables.c.obj)
                0x0000000000000040                _irq_vector_table
                0x000000000000047c                _vector_end = .

text            0x0000000000000480     0xc268
                0x0000000000000480                __text_region_start = .
 *(SORT_BY_ALIGNMENT(.text))
 .text          0x0000000000000480      0x378 d:/work/ncs/toolchains/fd21892d0f/opt/zephyr-sdk/arm-zephyr-eabi/bin/../lib/gcc/arm-zephyr-eabi/12.2.0/thumb/v8-m.main+fp/hard\libgcc.a(_arm_addsubdf3.o)
                0x0000000000000480                __aeabi_drsub
                0x0000000000000488                __aeabi_dsub
                0x0000000000000488                __subdf3
                0x000000000000048c                __aeabi_dadd
                0x000000000000048c                __adddf3
                0x0000000000000704                __floatunsidf
                0x0000000000000704                __aeabi_ui2d
                0x0000000000000724                __floatsidf
                0x0000000000000724                __aeabi_i2d
                0x0000000000000748                __aeabi_f2d
                0x0000000000000748                __extendsfdf2
                0x000000000000078c                __floatundidf
                0x000000000000078c                __aeabi_ul2d
                0x000000000000079c                __floatdidf
                0x000000000000079c                __aeabi_l2d
 .text          0x00000000000007f8      0x424 d:/work/ncs/toolchains/fd21892d0f/opt/zephyr-sdk/arm-zephyr-eabi/bin/../lib/gcc/arm-zephyr-eabi/12.2.0/thumb/v8-m.main+fp/hard\libgcc.a(_arm_muldivdf3.o)
                0x00000000000007f8                __aeabi_dmul
                0x00000000000007f8                __muldf3
                0x0000000000000a4c                __divdf3
                0x0000000000000a4c                __aeabi_ddiv
 .text          0x0000000000000c1c      0x110 d:/work/ncs/toolchains/fd21892d0f/opt/zephyr-sdk/arm-zephyr-eabi/bin/../lib/gcc/arm-zephyr-eabi/12.2.0/thumb/v8-m.main+fp/hard\libgcc.a(_arm_cmpdf2.o)
                0x0000000000000c1c                __gtdf2
                0x0000000000000c1c                __gedf2
                0x0000000000000c24                __ltdf2
                0x0000000000000c24                __ledf2
                0x0000000000000c2c                __nedf2
                0x0000000000000c2c                __eqdf2
                0x0000000000000c2c                __cmpdf2
                0x0000000000000ca8                __aeabi_cdrcmple
                0x0000000000000cb8                __aeabi_cdcmpeq
                0x0000000000000cb8                __aeabi_cdcmple
                0x0000000000000cc8                __aeabi_dcmpeq
                0x0000000000000cdc                __aeabi_dcmplt
                0x0000000000000cf0                __aeabi_dcmple
                0x0000000000000d04                __aeabi_dcmpge
                0x0000000000000d18                __aeabi_dcmpgt
 .text          0x0000000000000d2c       0x2c d:/work/ncs/toolchains/fd21892d0f/opt/zephyr-sdk/arm-zephyr-eabi/bin/../lib/gcc/arm-zephyr-eabi/12.2.0/thumb/v8-m.main+fp/hard\libgcc.a(_arm_unorddf2.o)
                0x0000000000000d2c                __unorddf2
                0x0000000000000d2c                __aeabi_dcmpun
 .text          0x0000000000000d58       0x50 d:/work/ncs/toolchains/fd21892d0f/opt/zephyr-sdk/arm-zephyr-eabi/bin/../lib/gcc/arm-zephyr-eabi/12.2.0/thumb/v8-m.main+fp/hard\libgcc.a(_arm_fixdfsi.o)
                0x0000000000000d58                __aeabi_d2iz
                0x0000000000000d58                __fixdfsi
 .text          0x0000000000000da8       0x30 d:/work/ncs/toolchains/fd21892d0f/opt/zephyr-sdk/arm-zephyr-eabi/bin/../lib/gcc/arm-zephyr-eabi/12.2.0/thumb/v8-m.main+fp/hard\libgcc.a(_aeabi_uldivmod.o)
                0x0000000000000da8                __aeabi_uldivmod
 .text          0x0000000000000dd8        0x4 d:/work/ncs/toolchains/fd21892d0f/opt/zephyr-sdk/arm-zephyr-eabi/bin/../lib/gcc/arm-zephyr-eabi/12.2.0/thumb/v8-m.main+fp/hard\libgcc.a(_dvmd_tls.o)
                0x0000000000000dd8                __aeabi_idiv0
                0x0000000000000dd8                __aeabi_ldiv0
 .text          0x0000000000000ddc       0x10 D:/work/ncs/toolchains/fd21892d0f/opt/zephyr-sdk/arm-zephyr-eabi/arm-zephyr-eabi/lib/thumb/v8-m.main+fp/hard\libc_nano.a(lib_a-strlen.o)
                0x0000000000000ddc                strlen
 .text          0x0000000000000dec      0x29c d:/work/ncs/toolchains/fd21892d0f/opt/zephyr-sdk/arm-zephyr-eabi/bin/../lib/gcc/arm-zephyr-eabi/12.2.0/thumb/v8-m.main+fp/hard\libgcc.a(_udivmoddi4.o)
                0x0000000000000dec                __udivmoddi4
 *(SORT_BY_ALIGNMENT(.text.*))
 .text.main     0x0000000000001088      0x1c0 app/libapp.a(main.c.obj)
                0x0000000000001088                main
 .text.z_cbvprintf_impl
                0x0000000000001248      0xd1c zephyr/libzephyr.a(cbprintf_complete.c.obj)
                0x0000000000001248                z_cbvprintf_impl
 *fill*         0x0000000000001f64        0x4 
 .text._dtoa_r  0x0000000000001f68      0xc54 D:/work/ncs/toolchains/fd21892d0f/opt/zephyr-sdk/arm-zephyr-eabi/arm-zephyr-eabi/lib/thumb/v8-m.main+fp/hard\libc_nano.a(lib_a-dtoa.o)
                0x0000000000001f68                _dtoa_r
 *fill*         0x0000000000002bbc        0x4 
 .text.sin      0x0000000000002bc0       0xa8 D:/work/ncs/toolchains/fd21892d0f/opt/zephyr-sdk/arm-zephyr-eabi/arm-zephyr-eabi/lib/thumb/v8-m.main+fp/hard\libm_nano.a(lib_a-s_sin.o)
                0x0000000000002bc0                sin
 .text.__ieee754_rem_pio2
                0x0000000000002c68      0x3f8 D:/work/ncs/toolchains/fd21892d0f/opt/zephyr-sdk/arm-zephyr-eabi/arm-zephyr-eabi/lib/thumb/v8-m.main+fp/hard\libm_nano.a(lib_a-e_rem_pio2.o)
                0x0000000000002c68                __ieee754_rem_pio2
 .text.__kernel_cos
                0x0000000000003060      0x18c D:/work/ncs/toolchains/fd21892d0f/opt/zephyr-sdk/arm-zephyr-eabi/arm-zephyr-eabi/lib/thumb/v8-m.main+fp/hard\libm_nano.a(lib_a-k_cos.o)
                0x0000000000003060                __kernel_cos
 *fill*         0x00000000000031ec        0x4 
 .text.__kernel_rem_pio2
                0x00000000000031f0      0x6b8 D:/work/ncs/toolchains/fd21892d0f/opt/zephyr-sdk/arm-zephyr-eabi/arm-zephyr-eabi/lib/thumb/v8-m.main+fp/hard\libm_nano.a(lib_a-k_rem_pio2.o)
                0x00000000000031f0                __kernel_rem_pio2
 .text.__kernel_sin
                0x00000000000038a8      0x174 D:/work/ncs/toolchains/fd21892d0f/opt/zephyr-sdk/arm-zephyr-eabi/arm-zephyr-eabi/lib/thumb/v8-m.main+fp/hard\libm_nano.a(lib_a-k_sin.o)
                0x00000000000038a8                __kernel_sin
 *fill*         0x0000000000003a1c        0x4 
 .text.floor    0x0000000000003a20      0x100 D:/work/ncs/toolchains/fd21892d0f/opt/zephyr-sdk/arm-zephyr-eabi/arm-zephyr-eabi/lib/thumb/v8-m.main+fp/hard\libm_nano.a(lib_a-s_floor.o)
                0x0000000000003a20                floor
 .text.scalbn   0x0000000000003b20       0xf4 D:/work/ncs/toolchains/fd21892d0f/opt/zephyr-sdk/arm-zephyr-eabi/arm-zephyr-eabi/lib/thumb/v8-m.main+fp/hard\libm_nano.a(lib_a-s_scalbn.o)
                0x0000000000003b20                scalbn
 .text.write_block.constprop.0
                0x0000000000003c14       0x3c app/libapp.a(main.c.obj)
 .text.char_out
                0x0000000000003c50        0xc zephyr/libzephyr.a(printk.c.obj)
 .text.__printk_hook_install
                0x0000000000003c5c        0xc zephyr/libzephyr.a(printk.c.obj)
                0x0000000000003c5c                __printk_hook_install
 .text.vprintk  0x0000000000003c68       0x1c zephyr/libzephyr.a(printk.c.obj)
                0x0000000000003c68                vprintk
 .text.extract_decimal
                0x0000000000003c84       0x2c zephyr/libzephyr.a(cbprintf_complete.c.obj)
 .text.encode_uint
                0x0000000000003cb0       0x9c zephyr/libzephyr.a(cbprintf_complete.c.obj)
 .text.process_event
                0x0000000000003d4c      0x21c zephyr/libzephyr.a(onoff.c.obj)
 .text.mem_attr_get_regions
                0x0000000000003f68        0xc zephyr/libzephyr.a(mem_attr.c.obj)
                0x0000000000003f68                mem_attr_get_regions
 .text.ncs_boot_banner
                0x0000000000003f74       0x1c zephyr/libzephyr.a(banner.c.obj)
 .text.arch_bss_zero
                0x0000000000003f90       0x18 zephyr/arch/common/libarch__common.a(init.c.obj)
                0x0000000000003f90                arch_bss_zero
 .text.arch_data_copy
                0x0000000000003fa8       0x38 zephyr/arch/common/libarch__common.a(xip.c.obj)
                0x0000000000003fa8                arch_data_copy
 .text.z_arm_fatal_error
                0x0000000000003fe0       0xa8 zephyr/arch/arch/arm/core/libarch__arm__core.a(fatal.c.obj)
                0x0000000000003fe0                z_arm_fatal_error
 .text.z_SysNmiOnReset
                0x0000000000004088        0x8 zephyr/arch/arch/arm/core/libarch__arm__core.a(nmi_on_reset.S.obj)
                0x0000000000004088                z_SysNmiOnReset
 .text._HandlerModeExit
                0x0000000000004090       0x20 zephyr/arch/arch/arm/core/cortex_m/libarch__arm__core__cortex_m.a(exc_exit.c.obj)
                0x0000000000004090                z_arm_int_exit
                0x0000000000004090                z_arm_exc_exit
 .text.usage_fault.constprop.0
                0x00000000000040b0       0xa8 zephyr/arch/arch/arm/core/cortex_m/libarch__arm__core__cortex_m.a(fault.c.obj)
 .text.bus_fault.constprop.0
                0x0000000000004158       0xb8 zephyr/arch/arch/arm/core/cortex_m/libarch__arm__core__cortex_m.a(fault.c.obj)
 .text.mem_manage_fault.constprop.0
                0x0000000000004210       0xbc zephyr/arch/arch/arm/core/cortex_m/libarch__arm__core__cortex_m.a(fault.c.obj)
 .text.z_arm_fault
                0x00000000000042cc      0x190 zephyr/arch/arch/arm/core/cortex_m/libarch__arm__core__cortex_m.a(fault.c.obj)
                0x00000000000042cc                z_arm_fault
 .text.z_arm_fault_init
                0x000000000000445c       0x20 zephyr/arch/arch/arm/core/cortex_m/libarch__arm__core__cortex_m.a(fault.c.obj)
                0x000000000000445c                z_arm_fault_init
 .text.__fault  0x000000000000447c       0x14 zephyr/arch/arch/arm/core/cortex_m/libarch__arm__core__cortex_m.a(fault_s.S.obj)
                0x000000000000447c                z_arm_usage_fault
                0x000000000000447c                z_arm_mpu_fault
                0x000000000000447c                z_arm_exc_spurious
                0x000000000000447c                z_arm_debug_monitor
                0x000000000000447c                z_arm_hard_fault
                0x000000000000447c                z_arm_bus_fault
 .text._reset_section
                0x0000000000004490       0x60 zephyr/arch/arch/arm/core/cortex_m/libarch__arm__core__cortex_m.a(reset.S.obj)
                0x0000000000004490                __start
                0x0000000000004490                z_arm_reset
 .text.z_arm_clear_arm_mpu_config
                0x00000000000044f0       0x24 zephyr/arch/arch/arm/core/cortex_m/libarch__arm__core__cortex_m.a(scb.c.obj)
                0x00000000000044f0                z_arm_clear_arm_mpu_config
 .text.z_arm_init_arch_hw_at_boot
                0x0000000000004514       0x4c zephyr/arch/arch/arm/core/cortex_m/libarch__arm__core__cortex_m.a(scb.c.obj)
                0x0000000000004514                z_arm_init_arch_hw_at_boot
 .text.z_impl_k_thread_abort
                0x0000000000004560       0x2c zephyr/arch/arch/arm/core/cortex_m/libarch__arm__core__cortex_m.a(thread_abort.c.obj)
                0x0000000000004560                z_impl_k_thread_abort
 .text.z_arm_pendsv
                0x000000000000458c       0x98 zephyr/arch/arch/arm/core/cortex_m/libarch__arm__core__cortex_m.a(swap_helper.S.obj)
                0x000000000000458c                z_arm_pendsv
 .text.z_arm_svc
                0x0000000000004624       0x24 zephyr/arch/arch/arm/core/cortex_m/libarch__arm__core__cortex_m.a(swap_helper.S.obj)
                0x0000000000004624                z_arm_svc
 .text.arm_irq_enable
                0x0000000000004648       0x1c zephyr/arch/arch/arm/core/cortex_m/libarch__arm__core__cortex_m.a(irq_manage.c.obj)
                0x0000000000004648                arm_irq_enable
 .text.arm_irq_disable
                0x0000000000004664       0x28 zephyr/arch/arch/arm/core/cortex_m/libarch__arm__core__cortex_m.a(irq_manage.c.obj)
                0x0000000000004664                arm_irq_disable
 .text.arm_irq_is_enabled
                0x000000000000468c       0x1c zephyr/arch/arch/arm/core/cortex_m/libarch__arm__core__cortex_m.a(irq_manage.c.obj)
                0x000000000000468c                arm_irq_is_enabled
 .text.arm_irq_priority_set
                0x00000000000046a8       0x2c zephyr/arch/arch/arm/core/cortex_m/libarch__arm__core__cortex_m.a(irq_manage.c.obj)
                0x00000000000046a8                arm_irq_priority_set
 .text.relocate_vector_table
                0x00000000000046d4       0x1c zephyr/arch/arch/arm/core/cortex_m/libarch__arm__core__cortex_m.a(prep_c.c.obj)
                0x00000000000046d4                relocate_vector_table
 .text.z_prep_c
                0x00000000000046f0       0x4c zephyr/arch/arch/arm/core/cortex_m/libarch__arm__core__cortex_m.a(prep_c.c.obj)
                0x00000000000046f0                z_prep_c
 .text.arch_new_thread
                0x000000000000473c       0x40 zephyr/arch/arch/arm/core/cortex_m/libarch__arm__core__cortex_m.a(thread.c.obj)
                0x000000000000473c                arch_new_thread
 .text.arch_float_disable
                0x000000000000477c       0x48 zephyr/arch/arch/arm/core/cortex_m/libarch__arm__core__cortex_m.a(thread.c.obj)
                0x000000000000477c                arch_float_disable
 .text.arch_switch_to_main_thread
                0x00000000000047c4       0x50 zephyr/arch/arch/arm/core/cortex_m/libarch__arm__core__cortex_m.a(thread.c.obj)
                0x00000000000047c4                arch_switch_to_main_thread
 .text.z_arm_cpu_idle_init
                0x0000000000004814        0xc zephyr/arch/arch/arm/core/cortex_m/libarch__arm__core__cortex_m.a(cpu_idle.c.obj)
                0x0000000000004814                z_arm_cpu_idle_init
 .text.z_arm_interrupt_init
                0x0000000000004820       0x20 zephyr/arch/arch/arm/core/cortex_m/libarch__arm__core__cortex_m.a(irq_init.c.obj)
                0x0000000000004820                z_arm_interrupt_init
 .text._isr_wrapper
                0x0000000000004840       0x24 zephyr/arch/arch/arm/core/cortex_m/libarch__arm__core__cortex_m.a(isr_wrapper.c.obj)
                0x0000000000004840                _isr_wrapper
 .text.z_arm_configure_static_mpu_regions
                0x0000000000004864       0x38 zephyr/arch/arch/arm/core/mpu/libarch__arm__core__mpu.a(arm_core_mpu.c.obj)
                0x0000000000004864                z_arm_configure_static_mpu_regions
 .text.region_init
                0x000000000000489c       0x34 zephyr/arch/arch/arm/core/mpu/libarch__arm__core__mpu.a(arm_mpu.c.obj)
 .text.region_allocate_and_init
                0x00000000000048d0       0x24 zephyr/arch/arch/arm/core/mpu/libarch__arm__core__mpu.a(arm_mpu.c.obj)
 .text.mpu_configure_regions_and_partition.constprop.0
                0x00000000000048f4      0x148 zephyr/arch/arch/arm/core/mpu/libarch__arm__core__mpu.a(arm_mpu.c.obj)
 .text.arm_core_mpu_enable
                0x0000000000004a3c       0x18 zephyr/arch/arch/arm/core/mpu/libarch__arm__core__mpu.a(arm_mpu.c.obj)
                0x0000000000004a3c                arm_core_mpu_enable
 .text.arm_core_mpu_disable
                0x0000000000004a54       0x14 zephyr/arch/arch/arm/core/mpu/libarch__arm__core__mpu.a(arm_mpu.c.obj)
                0x0000000000004a54                arm_core_mpu_disable
 .text.arm_core_mpu_configure_static_mpu_regions
                0x0000000000004a68       0x14 zephyr/arch/arch/arm/core/mpu/libarch__arm__core__mpu.a(arm_mpu.c.obj)
                0x0000000000004a68                arm_core_mpu_configure_static_mpu_regions
 .text.arm_core_mpu_mark_areas_for_dynamic_regions
                0x0000000000004a7c       0xb8 zephyr/arch/arch/arm/core/mpu/libarch__arm__core__mpu.a(arm_mpu.c.obj)
                0x0000000000004a7c                arm_core_mpu_mark_areas_for_dynamic_regions
 .text.z_arm_mpu_init
                0x0000000000004b34      0x160 zephyr/arch/arch/arm/core/mpu/libarch__arm__core__mpu.a(arm_mpu.c.obj)
                0x0000000000004b34                z_arm_mpu_init
 .text.__stdout_hook_install
                0x0000000000004c94        0xc zephyr/lib/libc/newlib/liblib__libc__newlib.a(libc-hooks.c.obj)
                0x0000000000004c94                __stdout_hook_install
 .text.z_impl_zephyr_read_stdin
                0x0000000000004ca0       0x28 zephyr/lib/libc/newlib/liblib__libc__newlib.a(libc-hooks.c.obj)
                0x0000000000004ca0                z_impl_zephyr_read_stdin
 .text.z_impl_zephyr_write_stdout
                0x0000000000004cc8       0x30 zephyr/lib/libc/newlib/liblib__libc__newlib.a(libc-hooks.c.obj)
                0x0000000000004cc8                z_impl_zephyr_write_stdout
 .text._sbrk    0x0000000000004cf8       0x28 zephyr/lib/libc/newlib/liblib__libc__newlib.a(libc-hooks.c.obj)
                0x0000000000004cf8                sbrk
                0x0000000000004cf8                _sbrk
 .text.abort    0x0000000000004d20       0x1c zephyr/lib/libc/common/liblib__libc__common.a(abort.c.obj)
                0x0000000000004d20                abort
 .text.nordicsemi_nrf54l_init
                0x0000000000004d3c       0xa8 zephyr/soc/soc/nrf54l15/libsoc__nordic.a(soc.c.obj)
                0x0000000000004d3c                nordicsemi_nrf54l_init
 .text.arch_busy_wait
                0x0000000000004de4       0x24 zephyr/soc/soc/nrf54l15/libsoc__nordic.a(soc.c.obj)
                0x0000000000004de4                arch_busy_wait
 .text.cache_instr_enable
                0x0000000000004e08       0x10 zephyr/drivers/cache/libdrivers__cache.a(cache_nrf.c.obj)
                0x0000000000004e08                cache_instr_enable
 .text.onoff_stop
                0x0000000000004e18       0x30 zephyr/drivers/clock_control/libdrivers__clock_control.a(clock_control_nrf.c.obj)
 .text.onoff_start
                0x0000000000004e48       0x44 zephyr/drivers/clock_control/libdrivers__clock_control.a(clock_control_nrf.c.obj)
 .text.clk_init
                0x0000000000004e8c       0x58 zephyr/drivers/clock_control/libdrivers__clock_control.a(clock_control_nrf.c.obj)
 .text.api_blocking_start
                0x0000000000004ee4       0x34 zephyr/drivers/clock_control/libdrivers__clock_control.a(clock_control_nrf.c.obj)
 .text.generic_hfclk_stop
                0x0000000000004f18       0x34 zephyr/drivers/clock_control/libdrivers__clock_control.a(clock_control_nrf.c.obj)
 .text.clkstarted_handle.constprop.0
                0x0000000000004f4c       0x4c zephyr/drivers/clock_control/libdrivers__clock_control.a(clock_control_nrf.c.obj)
 .text.generic_hfclk_start
                0x0000000000004f98       0x7c zephyr/drivers/clock_control/libdrivers__clock_control.a(clock_control_nrf.c.obj)
 .text.clock_event_handler
                0x0000000000005014       0x20 zephyr/drivers/clock_control/libdrivers__clock_control.a(clock_control_nrf.c.obj)
 .text.z_nrf_clock_control_get_onoff
                0x0000000000005034       0x10 zephyr/drivers/clock_control/libdrivers__clock_control.a(clock_control_nrf.c.obj)
                0x0000000000005034                z_nrf_clock_control_get_onoff
 .text.z_nrf_clock_control_lf_on
                0x0000000000005044       0xf4 zephyr/drivers/clock_control/libdrivers__clock_control.a(clock_control_nrf.c.obj)
                0x0000000000005044                z_nrf_clock_control_lf_on
 .text.uart_console_init
                0x0000000000005138       0x28 zephyr/drivers/console/libdrivers__console.a(uart_console.c.obj)
 .text.console_out
                0x0000000000005160       0x28 zephyr/drivers/console/libdrivers__console.a(uart_console.c.obj)
 .text.gpio_nrfx_pin_configure
                0x0000000000005188      0x17c zephyr/drivers/gpio/libdrivers__gpio.a(gpio_nrfx.c.obj)
 .text.nrfx_gpio_handler
                0x0000000000005304       0x58 zephyr/drivers/gpio/libdrivers__gpio.a(gpio_nrfx.c.obj)
 .text.gpio_nrfx_init
                0x000000000000535c       0x48 zephyr/drivers/gpio/libdrivers__gpio.a(gpio_nrfx.c.obj)
 .text.gpio_nrfx_pin_interrupt_configure
                0x00000000000053a4      0x104 zephyr/drivers/gpio/libdrivers__gpio.a(gpio_nrfx.c.obj)
 .text.i2s_nrfx_init0
                0x00000000000054a8       0x68 zephyr/drivers/i2s/libdrivers__i2s.a(i2s_nrfx.c.obj)
 .text.data_handler0
                0x0000000000005510      0x180 zephyr/drivers/i2s/libdrivers__i2s.a(i2s_nrfx.c.obj)
 .text.i2s_nrfx_configure
                0x0000000000005690      0x1e4 zephyr/drivers/i2s/libdrivers__i2s.a(i2s_nrfx.c.obj)
 .text.i2s_nrfx_trigger
                0x0000000000005874      0x160 zephyr/drivers/i2s/libdrivers__i2s.a(i2s_nrfx.c.obj)
 .text.nrf_gpio_pin_port_decode
                0x00000000000059d4       0x20 zephyr/drivers/pinctrl/libdrivers__pinctrl.a(pinctrl_nrf.c.obj)
 .text.pinctrl_configure_pins
                0x00000000000059f4      0x1e8 zephyr/drivers/pinctrl/libdrivers__pinctrl.a(pinctrl_nrf.c.obj)
                0x00000000000059f4                pinctrl_configure_pins
 .text.uarte_nrfx_poll_out
                0x0000000000005bdc       0xb4 zephyr/drivers/serial/libdrivers__serial.a(uart_nrfx_uarte.c.obj)
 .text.sys_clock_timeout_handler
                0x0000000000005c90       0x44 zephyr/drivers/timer/libdrivers__timer.a(nrf_grtc_timer.c.obj)
 .text.sys_clock_driver_init
                0x0000000000005cd4       0x88 zephyr/drivers/timer/libdrivers__timer.a(nrf_grtc_timer.c.obj)
 .text.sys_clock_elapsed
                0x0000000000005d5c       0x28 zephyr/drivers/timer/libdrivers__timer.a(nrf_grtc_timer.c.obj)
                0x0000000000005d5c                sys_clock_elapsed
 .text.sys_clock_set_timeout
                0x0000000000005d84       0xa0 zephyr/drivers/timer/libdrivers__timer.a(nrf_grtc_timer.c.obj)
                0x0000000000005d84                sys_clock_set_timeout
 .text.nrf54l_errata_31
                0x0000000000005e24       0x20 modules/hal_nordic/modules/hal_nordic/nrfx/libnrfx.a(system_nrf54l.c.obj)
 .text.nrf54l_handle_approtect_signal
                0x0000000000005e44       0x34 modules/hal_nordic/modules/hal_nordic/nrfx/libnrfx.a(system_nrf54l.c.obj)
 .text.SystemInit
                0x0000000000005e78      0x148 modules/hal_nordic/modules/hal_nordic/nrfx/libnrfx.a(system_nrf54l.c.obj)
                0x0000000000005e78                SystemInit
 .text.xo_event_handler
                0x0000000000005fc0        0xc modules/hal_nordic/modules/hal_nordic/nrfx/libnrfx.a(nrfx_clock.c.obj)
 .text.nrfx_clock_init
                0x0000000000005fcc       0x40 modules/hal_nordic/modules/hal_nordic/nrfx/libnrfx.a(nrfx_clock.c.obj)
                0x0000000000005fcc                nrfx_clock_init
 .text.nrfx_clock_enable
                0x000000000000600c       0x24 modules/hal_nordic/modules/hal_nordic/nrfx/libnrfx.a(nrfx_clock.c.obj)
                0x000000000000600c                nrfx_clock_enable
 .text.clock_stop
                0x0000000000006030       0x34 modules/hal_nordic/modules/hal_nordic/nrfx/libnrfx.a(nrfx_clock_lfclk.c.obj)
 .text.nrfx_clock_lfclk_init
                0x0000000000006064       0x24 modules/hal_nordic/modules/hal_nordic/nrfx/libnrfx.a(nrfx_clock_lfclk.c.obj)
                0x0000000000006064                nrfx_clock_lfclk_init
 .text.nrfx_clock_lfclk_start
                0x0000000000006088       0x80 modules/hal_nordic/modules/hal_nordic/nrfx/libnrfx.a(nrfx_clock_lfclk.c.obj)
                0x0000000000006088                nrfx_clock_lfclk_start
 .text.nrfx_clock_lfclk_irq_handler
                0x0000000000006108       0x70 modules/hal_nordic/modules/hal_nordic/nrfx/libnrfx.a(nrfx_clock_lfclk.c.obj)
                0x0000000000006108                nrfx_clock_lfclk_irq_handler
 .text.clock_stop
                0x0000000000006178       0x54 modules/hal_nordic/modules/hal_nordic/nrfx/libnrfx.a(nrfx_clock_xo.c.obj)
 .text.nrfx_clock_xo_init
                0x00000000000061cc       0x1c modules/hal_nordic/modules/hal_nordic/nrfx/libnrfx.a(nrfx_clock_xo.c.obj)
                0x00000000000061cc                nrfx_clock_xo_init
 .text.nrfx_clock_xo_start
                0x00000000000061e8       0x68 modules/hal_nordic/modules/hal_nordic/nrfx/libnrfx.a(nrfx_clock_xo.c.obj)
                0x00000000000061e8                nrfx_clock_xo_start
 .text.nrfx_clock_xo_irq_handler
                0x0000000000006250       0x74 modules/hal_nordic/modules/hal_nordic/nrfx/libnrfx.a(nrfx_clock_xo.c.obj)
                0x0000000000006250                nrfx_clock_xo_irq_handler
 .text.nrf_gpio_pin_port_decode
                0x00000000000062c4       0x20 modules/hal_nordic/modules/hal_nordic/nrfx/libnrfx.a(nrfx_gpiote.c.obj)
 .text.get_pin_idx
                0x00000000000062e4       0x14 modules/hal_nordic/modules/hal_nordic/nrfx/libnrfx.a(nrfx_gpiote.c.obj)
 .text.latch_pending_read_and_check
                0x00000000000062f8       0x58 modules/hal_nordic/modules/hal_nordic/nrfx/libnrfx.a(nrfx_gpiote.c.obj)
 .text.pin_uninit
                0x0000000000006350       0x7c modules/hal_nordic/modules/hal_nordic/nrfx/libnrfx.a(nrfx_gpiote.c.obj)
 .text.nrfx_gpiote_output_configure
                0x00000000000063cc       0xf4 modules/hal_nordic/modules/hal_nordic/nrfx/libnrfx.a(nrfx_gpiote.c.obj)
                0x00000000000063cc                nrfx_gpiote_output_configure
 .text.nrfx_gpiote_init
                0x00000000000064c0       0x70 modules/hal_nordic/modules/hal_nordic/nrfx/libnrfx.a(nrfx_gpiote.c.obj)
                0x00000000000064c0                nrfx_gpiote_init
 .text.nrfx_gpiote_channel_free
                0x0000000000006530       0x14 modules/hal_nordic/modules/hal_nordic/nrfx/libnrfx.a(nrfx_gpiote.c.obj)
                0x0000000000006530                nrfx_gpiote_channel_free
 .text.nrfx_gpiote_channel_alloc
                0x0000000000006544       0x20 modules/hal_nordic/modules/hal_nordic/nrfx/libnrfx.a(nrfx_gpiote.c.obj)
                0x0000000000006544                nrfx_gpiote_channel_alloc
 .text.nrfx_gpiote_irq_handler
                0x0000000000006564      0x1d4 modules/hal_nordic/modules/hal_nordic/nrfx/libnrfx.a(nrfx_gpiote.c.obj)
                0x0000000000006564                nrfx_gpiote_irq_handler
 .text.channel_used_mark
                0x0000000000006738       0x14 modules/hal_nordic/modules/hal_nordic/nrfx/libnrfx.a(nrfx_grtc.c.obj)
 .text.channel_allocate
                0x000000000000674c       0x48 modules/hal_nordic/modules/hal_nordic/nrfx/libnrfx.a(nrfx_grtc.c.obj)
 .text.sleep_configure
                0x0000000000006794       0x24 modules/hal_nordic/modules/hal_nordic/nrfx/libnrfx.a(nrfx_grtc.c.obj)
 .text.nrfx_grtc_syscounter_get
                0x00000000000067b8       0x20 modules/hal_nordic/modules/hal_nordic/nrfx/libnrfx.a(nrfx_grtc.c.obj)
                0x00000000000067b8                nrfx_grtc_syscounter_get
 .text.nrfx_grtc_channel_callback_set
                0x00000000000067d8       0x2c modules/hal_nordic/modules/hal_nordic/nrfx/libnrfx.a(nrfx_grtc.c.obj)
                0x00000000000067d8                nrfx_grtc_channel_callback_set
 .text.nrfx_grtc_init
                0x0000000000006804      0x118 modules/hal_nordic/modules/hal_nordic/nrfx/libnrfx.a(nrfx_grtc.c.obj)
                0x0000000000006804                nrfx_grtc_init
 .text.nrfx_grtc_syscounter_start
                0x000000000000691c       0xa4 modules/hal_nordic/modules/hal_nordic/nrfx/libnrfx.a(nrfx_grtc.c.obj)
                0x000000000000691c                nrfx_grtc_syscounter_start
 .text.nrfx_grtc_syscounter_cc_abs_set
                0x00000000000069c0       0x70 modules/hal_nordic/modules/hal_nordic/nrfx/libnrfx.a(nrfx_grtc.c.obj)
                0x00000000000069c0                nrfx_grtc_syscounter_cc_abs_set
 .text.nrfx_grtc_syscounter_cc_rel_set
                0x0000000000006a30       0x40 modules/hal_nordic/modules/hal_nordic/nrfx/libnrfx.a(nrfx_grtc.c.obj)
                0x0000000000006a30                nrfx_grtc_syscounter_cc_rel_set
 .text.nrfx_grtc_irq_handler
                0x0000000000006a70       0xb0 modules/hal_nordic/modules/hal_nordic/nrfx/libnrfx.a(nrfx_grtc.c.obj)
                0x0000000000006a70                nrfx_grtc_irq_handler
 .text.nrf_gpio_cfg_input.constprop.0
                0x0000000000006b20       0x38 modules/hal_nordic/modules/hal_nordic/nrfx/libnrfx.a(nrfx_i2s.c.obj)
 .text.nrf_gpio_cfg_output
                0x0000000000006b58       0x3c modules/hal_nordic/modules/hal_nordic/nrfx/libnrfx.a(nrfx_i2s.c.obj)
 .text.nrf_gpio_cfg_default
                0x0000000000006b94       0x3c modules/hal_nordic/modules/hal_nordic/nrfx/libnrfx.a(nrfx_i2s.c.obj)
 .text.nrfx_i2s_prescalers_calc
                0x0000000000006bd0       0xb4 modules/hal_nordic/modules/hal_nordic/nrfx/libnrfx.a(nrfx_i2s.c.obj)
                0x0000000000006bd0                nrfx_i2s_prescalers_calc
 .text.__nrfy_internal_rramc_config_set.constprop.0.isra.0
                0x0000000000006c84       0x18 modules/hal_nordic/modules/hal_nordic/nrfx/libnrfx.a(nrfx_rramc.c.obj)
 .text.z_fatal_error
                0x0000000000006c9c       0x30 zephyr/kernel/libkernel.a(fatal.c.obj)
                0x0000000000006c9c                z_fatal_error
 .text.z_sys_init_run_level
                0x0000000000006ccc       0x30 zephyr/kernel/libkernel.a(init.c.obj)
 .text.bg_thread_main
                0x0000000000006cfc       0xc0 zephyr/kernel/libkernel.a(init.c.obj)
 .text.z_init_cpu
                0x0000000000006dbc       0x68 zephyr/kernel/libkernel.a(init.c.obj)
                0x0000000000006dbc                z_init_cpu
 .text.z_cstart
                0x0000000000006e24       0xcc zephyr/kernel/libkernel.a(init.c.obj)
                0x0000000000006e24                z_cstart
 .text.init_mem_slab_obj_core_list
                0x0000000000006ef0       0x24 zephyr/kernel/libkernel.a(mem_slab.c.obj)
 .text.k_mem_slab_alloc
                0x0000000000006f14       0x5c zephyr/kernel/libkernel.a(mem_slab.c.obj)
                0x0000000000006f14                k_mem_slab_alloc
 .text.put_msg_in_queue
                0x0000000000006f70       0xd4 zephyr/kernel/libkernel.a(msg_q.c.obj)
 .text.z_impl_k_msgq_get
                0x0000000000007044       0xc8 zephyr/kernel/libkernel.a(msg_q.c.obj)
                0x0000000000007044                z_impl_k_msgq_get
 .text.z_impl_k_mutex_lock
                0x000000000000710c       0xf0 zephyr/kernel/libkernel.a(mutex.c.obj)
                0x000000000000710c                z_impl_k_mutex_lock
 .text.z_impl_k_mutex_unlock
                0x00000000000071fc       0xa0 zephyr/kernel/libkernel.a(mutex.c.obj)
                0x00000000000071fc                z_impl_k_mutex_unlock
 .text.z_impl_k_sem_give
                0x000000000000729c       0x68 zephyr/kernel/libkernel.a(sem.c.obj)
                0x000000000000729c                z_impl_k_sem_give
 .text.z_impl_k_sem_take
                0x0000000000007304       0x4c zephyr/kernel/libkernel.a(sem.c.obj)
                0x0000000000007304                z_impl_k_sem_take
 .text.z_setup_new_thread
                0x0000000000007350       0x68 zephyr/kernel/libkernel.a(thread.c.obj)
                0x0000000000007350                z_setup_new_thread
 .text.z_dummy_thread_init
                0x00000000000073b8       0x1c zephyr/kernel/libkernel.a(thread.c.obj)
                0x00000000000073b8                z_dummy_thread_init
 .text.z_swap_irqlock
                0x00000000000073d4       0x34 zephyr/kernel/libkernel.a(sched.c.obj)
 .text.ready_thread
                0x0000000000007408       0x84 zephyr/kernel/libkernel.a(sched.c.obj)
 .text.unready_thread
                0x000000000000748c       0x54 zephyr/kernel/libkernel.a(sched.c.obj)
 .text.add_thread_timeout
                0x00000000000074e0       0x1c zephyr/kernel/libkernel.a(sched.c.obj)
 .text.move_current_to_end_of_prio_q
                0x00000000000074fc       0x70 zephyr/kernel/libkernel.a(sched.c.obj)
                0x00000000000074fc                move_current_to_end_of_prio_q
 .text.z_pend_curr
                0x000000000000756c       0x44 zephyr/kernel/libkernel.a(sched.c.obj)
                0x000000000000756c                z_pend_curr
 .text.z_thread_prio_set
                0x00000000000075b0       0xe4 zephyr/kernel/libkernel.a(sched.c.obj)
                0x00000000000075b0                z_thread_prio_set
 .text.z_reschedule
                0x0000000000007694       0x24 zephyr/kernel/libkernel.a(sched.c.obj)
                0x0000000000007694                z_reschedule
 .text.z_reschedule_irqlock
                0x00000000000076b8       0x28 zephyr/kernel/libkernel.a(sched.c.obj)
                0x00000000000076b8                z_reschedule_irqlock
 .text.k_sched_lock
                0x00000000000076e0       0x28 zephyr/kernel/libkernel.a(sched.c.obj)
                0x00000000000076e0                k_sched_lock
 .text.k_sched_unlock
                0x0000000000007708       0x68 zephyr/kernel/libkernel.a(sched.c.obj)
                0x0000000000007708                k_sched_unlock
 .text.z_sched_init
                0x0000000000007770       0x10 zephyr/kernel/libkernel.a(sched.c.obj)
                0x0000000000007770                z_sched_init
 .text.z_impl_k_yield
                0x0000000000007780       0x88 zephyr/kernel/libkernel.a(sched.c.obj)
                0x0000000000007780                z_impl_k_yield
 .text.z_tick_sleep
                0x0000000000007808       0x78 zephyr/kernel/libkernel.a(sched.c.obj)
 .text.z_impl_k_wakeup
                0x0000000000007880       0x48 zephyr/kernel/libkernel.a(sched.c.obj)
                0x0000000000007880                z_impl_k_wakeup
 .text.z_impl_k_sched_current_thread_query
                0x00000000000078c8        0xc zephyr/kernel/libkernel.a(sched.c.obj)
                0x00000000000078c8                z_impl_k_sched_current_thread_query
 .text.z_thread_abort
                0x00000000000078d4      0x140 zephyr/kernel/libkernel.a(sched.c.obj)
                0x00000000000078d4                z_thread_abort
 .text.z_time_slice_size
                0x0000000000007a14       0x40 zephyr/kernel/libkernel.a(timeslicing.c.obj)
 .text.slice_timeout
                0x0000000000007a54       0x20 zephyr/kernel/libkernel.a(timeslicing.c.obj)
 .text.z_reset_time_slice
                0x0000000000007a74       0x48 zephyr/kernel/libkernel.a(timeslicing.c.obj)
                0x0000000000007a74                z_reset_time_slice
 .text.z_time_slice
                0x0000000000007abc       0x5c zephyr/kernel/libkernel.a(timeslicing.c.obj)
                0x0000000000007abc                z_time_slice
 .text.first    0x0000000000007b18       0x10 zephyr/kernel/libkernel.a(timeout.c.obj)
 .text.elapsed  0x0000000000007b28       0x14 zephyr/kernel/libkernel.a(timeout.c.obj)
 .text.remove_timeout
                0x0000000000007b3c       0x38 zephyr/kernel/libkernel.a(timeout.c.obj)
 .text.z_add_timeout
                0x0000000000007b74      0x120 zephyr/kernel/libkernel.a(timeout.c.obj)
                0x0000000000007b74                z_add_timeout
 .text.sys_clock_announce
                0x0000000000007c94       0xb0 zephyr/kernel/libkernel.a(timeout.c.obj)
                0x0000000000007c94                sys_clock_announce
 .text.sys_clock_tick_get
                0x0000000000007d44       0x30 zephyr/kernel/libkernel.a(timeout.c.obj)
                0x0000000000007d44                sys_clock_tick_get
 .text.statics_init
                0x0000000000007d74       0x24 zephyr/kernel/libkernel.a(kheap.c.obj)
 .text.psa_get_initialized
                0x0000000000007d98       0x4c modules/nrf/subsys/nrf_security/src/core/nrf_oberon/libpsa_core.a(psa_crypto.c.obj)
 .text.mbedtls_psa_crypto_free
                0x0000000000007de4       0x90 modules/nrf/subsys/nrf_security/src/core/nrf_oberon/libpsa_core.a(psa_crypto.c.obj)
                0x0000000000007de4                mbedtls_psa_crypto_free
 .text.psa_crypto_init
                0x0000000000007e74      0x104 modules/nrf/subsys/nrf_security/src/core/nrf_oberon/libpsa_core.a(psa_crypto.c.obj)
                0x0000000000007e74                psa_crypto_init
 .text.psa_initialize_key_slots
                0x0000000000007f78       0x10 modules/nrf/subsys/nrf_security/src/core/nrf_oberon/libpsa_core.a(psa_crypto_slot_management.c.obj)
                0x0000000000007f78                psa_initialize_key_slots
 .text.psa_wipe_all_key_slots
                0x0000000000007f88       0x34 modules/nrf/subsys/nrf_security/src/core/nrf_oberon/libpsa_core.a(psa_crypto_slot_management.c.obj)
                0x0000000000007f88                psa_wipe_all_key_slots
 .text.mbedtls_free
                0x0000000000007fbc        0xc modules/nrf/subsys/nrf_security/src/core/nrf_oberon/libpsa_core.a(platform.c.obj)
                0x0000000000007fbc                mbedtls_free
 .text.mbedtls_platform_zeroize
                0x0000000000007fc8       0x18 modules/nrf/subsys/nrf_security/src/core/nrf_oberon/libpsa_core.a(platform_util.c.obj)
                0x0000000000007fc8                mbedtls_platform_zeroize
 .text.cracen_acquire
                0x0000000000007fe0       0x40 modules/nrf/subsys/nrf_security/src/drivers/cracen/libcracen_psa_driver.a(hardware.c.obj)
                0x0000000000007fe0                cracen_acquire
 .text.cracen_release
                0x0000000000008020       0x6c modules/nrf/subsys/nrf_security/src/drivers/cracen/libcracen_psa_driver.a(hardware.c.obj)
                0x0000000000008020                cracen_release
 .text.cracen_init
                0x000000000000808c       0x4c modules/nrf/subsys/nrf_security/src/drivers/cracen/libcracen_psa_driver.a(hardware.c.obj)
                0x000000000000808c                cracen_init
 .text.lib_kmu_clear_all_events
                0x00000000000080d8       0x24 modules/nrf/subsys/nrf_security/src/drivers/cracen/libcracen_psa_driver.a(lib_kmu.c.obj)
                0x00000000000080d8                lib_kmu_clear_all_events
 .text.trigger_task_and_wait_for_event_or_error
                0x00000000000080fc       0x54 modules/nrf/subsys/nrf_security/src/drivers/cracen/libcracen_psa_driver.a(lib_kmu.c.obj)
 .text.lib_kmu_provision_slot
                0x0000000000008150       0x3c modules/nrf/subsys/nrf_security/src/drivers/cracen/libcracen_psa_driver.a(lib_kmu.c.obj)
                0x0000000000008150                lib_kmu_provision_slot
 .text.lib_kmu_push_slot
                0x000000000000818c       0x1c modules/nrf/subsys/nrf_security/src/drivers/cracen/libcracen_psa_driver.a(lib_kmu.c.obj)
                0x000000000000818c                lib_kmu_push_slot
 .text.lib_kmu_revoke_slot
                0x00000000000081a8       0x34 modules/nrf/subsys/nrf_security/src/drivers/cracen/libcracen_psa_driver.a(lib_kmu.c.obj)
                0x00000000000081a8                lib_kmu_revoke_slot
 .text.lib_kmu_read_metadata
                0x00000000000081dc       0x30 modules/nrf/subsys/nrf_security/src/drivers/cracen/libcracen_psa_driver.a(lib_kmu.c.obj)
                0x00000000000081dc                lib_kmu_read_metadata
 .text.ctr_drbg_update
                0x000000000000820c       0x90 modules/nrf/subsys/nrf_security/src/drivers/cracen/libcracen_psa_driver.a(cracen_psa_ctr_drbg.c.obj)
 .text.cracen_init_random
                0x000000000000829c       0x74 modules/nrf/subsys/nrf_security/src/drivers/cracen/libcracen_psa_driver.a(cracen_psa_ctr_drbg.c.obj)
                0x000000000000829c                cracen_init_random
 .text.cracen_get_random
                0x0000000000008310      0x104 modules/nrf/subsys/nrf_security/src/drivers/cracen/libcracen_psa_driver.a(cracen_psa_ctr_drbg.c.obj)
                0x0000000000008310                cracen_get_random
 .text.cracen_kmu_provision
                0x0000000000008414      0x24c modules/nrf/subsys/nrf_security/src/drivers/cracen/libcracen_psa_driver.a(cracen_psa_kmu.c.obj)
                0x0000000000008414                cracen_kmu_provision
 .text.cracen_provision_prot_ram_inv_slots
                0x0000000000008660       0x7c modules/nrf/subsys/nrf_security/src/drivers/cracen/libcracen_psa_driver.a(cracen_psa_kmu.c.obj)
                0x0000000000008660                cracen_provision_prot_ram_inv_slots
 .text.sx_blkcipher_ecb_simple
                0x00000000000086dc       0xb8 modules/nrf/subsys/nrf_security/src/drivers/cracen/libcracen_psa_driver.a(blkcipher.c.obj)
                0x00000000000086dc                sx_blkcipher_ecb_simple
 .text.sx_trng_flush
                0x0000000000008794       0x30 modules/nrf/subsys/nrf_security/src/drivers/cracen/libcracen_psa_driver.a(trng.c.obj)
 .text.sx_trng_restart
                0x00000000000087c4       0x28 modules/nrf/subsys/nrf_security/src/drivers/cracen/libcracen_psa_driver.a(trng.c.obj)
                0x00000000000087c4                sx_trng_restart
 .text.sx_trng_open
                0x00000000000087ec       0xa4 modules/nrf/subsys/nrf_security/src/drivers/cracen/libcracen_psa_driver.a(trng.c.obj)
                0x00000000000087ec                sx_trng_open
 .text.sx_trng_get
                0x0000000000008890       0xd4 modules/nrf/subsys/nrf_security/src/drivers/cracen/libcracen_psa_driver.a(trng.c.obj)
                0x0000000000008890                sx_trng_get
 .text.sx_hw_reserve
                0x0000000000008964       0x54 modules/nrf/subsys/nrf_security/src/drivers/cracen/libcracen_psa_driver.a(cmdma_hw.c.obj)
                0x0000000000008964                sx_hw_reserve
 .text.sx_cmdma_release_hw
                0x00000000000089b8       0x30 modules/nrf/subsys/nrf_security/src/drivers/cracen/libcracen_psa_driver.a(cmdma_hw.c.obj)
                0x00000000000089b8                sx_cmdma_release_hw
 .text.cracen_isr_handler
                0x00000000000089e8       0x68 modules/nrf/subsys/nrf_security/src/drivers/cracen/libcracen_psa_driver.a(interrupts.c.obj)
                0x00000000000089e8                cracen_isr_handler
 .text.cracen_interrupts_init
                0x0000000000008a50       0x28 modules/nrf/subsys/nrf_security/src/drivers/cracen/libcracen_psa_driver.a(interrupts.c.obj)
                0x0000000000008a50                cracen_interrupts_init
 .text.cracen_wait_for_cm_interrupt
                0x0000000000008a78       0x30 modules/nrf/subsys/nrf_security/src/drivers/cracen/libcracen_psa_driver.a(interrupts.c.obj)
                0x0000000000008a78                cracen_wait_for_cm_interrupt
 .text.sx_pk_fetch_capabilities
                0x0000000000008aa8       0x24 modules/nrf/subsys/nrf_security/src/drivers/cracen/libcracen_psa_driver.a(pk_baremetal.c.obj)
                0x0000000000008aa8                sx_pk_fetch_capabilities
 .text.sx_pk_init
                0x0000000000008acc       0x38 modules/nrf/subsys/nrf_security/src/drivers/cracen/libcracen_psa_driver.a(pk_baremetal.c.obj)
                0x0000000000008acc                sx_pk_init
 .text.sx_get_current_req
                0x0000000000008b04        0x8 modules/nrf/subsys/nrf_security/src/drivers/cracen/libcracen_psa_driver.a(pk_baremetal.c.obj)
                0x0000000000008b04                sx_get_current_req
 .text.k_event_post_internal
                0x0000000000008b0c       0x6c zephyr/kernel/libkernel.a(events.c.obj)
 .text.malloc   0x0000000000008b78       0x10 D:/work/ncs/toolchains/fd21892d0f/opt/zephyr-sdk/arm-zephyr-eabi/arm-zephyr-eabi/lib/thumb/v8-m.main+fp/hard\libc_nano.a(lib_a-malloc.o)
                0x0000000000008b78                malloc
 .text._free_r  0x0000000000008b88       0x94 D:/work/ncs/toolchains/fd21892d0f/opt/zephyr-sdk/arm-zephyr-eabi/arm-zephyr-eabi/lib/thumb/v8-m.main+fp/hard\libc_nano.a(lib_a-nano-freer.o)
                0x0000000000008b88                _free_r
 .text._malloc_r
                0x0000000000008c1c       0xb4 D:/work/ncs/toolchains/fd21892d0f/opt/zephyr-sdk/arm-zephyr-eabi/arm-zephyr-eabi/lib/thumb/v8-m.main+fp/hard\libc_nano.a(lib_a-nano-mallocr.o)
                0x0000000000008c1c                _malloc_r
 .text._printf_float
                0x0000000000008cd0      0x468 D:/work/ncs/toolchains/fd21892d0f/opt/zephyr-sdk/arm-zephyr-eabi/arm-zephyr-eabi/lib/thumb/v8-m.main+fp/hard\libc_nano.a(lib_a-nano-vfprintf_float.o)
                0x0000000000008cd0                _printf_float
 .text._printf_i
                0x0000000000009138      0x25c D:/work/ncs/toolchains/fd21892d0f/opt/zephyr-sdk/arm-zephyr-eabi/arm-zephyr-eabi/lib/thumb/v8-m.main+fp/hard\libc_nano.a(lib_a-nano-vfprintf_i.o)
                0x0000000000009138                _printf_i
 .text._sbrk_r  0x0000000000009394       0x20 D:/work/ncs/toolchains/fd21892d0f/opt/zephyr-sdk/arm-zephyr-eabi/arm-zephyr-eabi/lib/thumb/v8-m.main+fp/hard\libc_nano.a(lib_a-sbrkr.o)
                0x0000000000009394                _sbrk_r
 .text._localeconv_r
                0x00000000000093b4        0x8 D:/work/ncs/toolchains/fd21892d0f/opt/zephyr-sdk/arm-zephyr-eabi/arm-zephyr-eabi/lib/thumb/v8-m.main+fp/hard\libc_nano.a(lib_a-localeconv.o)
                0x00000000000093b4                _localeconv_r
 .text.__malloc_lock
                0x00000000000093bc        0xc D:/work/ncs/toolchains/fd21892d0f/opt/zephyr-sdk/arm-zephyr-eabi/arm-zephyr-eabi/lib/thumb/v8-m.main+fp/hard\libc_nano.a(lib_a-mlock.o)
                0x00000000000093bc                __malloc_lock
 .text.__malloc_unlock
                0x00000000000093c8        0xc D:/work/ncs/toolchains/fd21892d0f/opt/zephyr-sdk/arm-zephyr-eabi/arm-zephyr-eabi/lib/thumb/v8-m.main+fp/hard\libc_nano.a(lib_a-mlock.o)
                0x00000000000093c8                __malloc_unlock
 .text._Balloc  0x00000000000093d4       0x80 D:/work/ncs/toolchains/fd21892d0f/opt/zephyr-sdk/arm-zephyr-eabi/arm-zephyr-eabi/lib/thumb/v8-m.main+fp/hard\libc_nano.a(lib_a-mprec.o)
                0x00000000000093d4                _Balloc
 .text._Bfree   0x0000000000009454       0x44 D:/work/ncs/toolchains/fd21892d0f/opt/zephyr-sdk/arm-zephyr-eabi/arm-zephyr-eabi/lib/thumb/v8-m.main+fp/hard\libc_nano.a(lib_a-mprec.o)
                0x0000000000009454                _Bfree
 .text.__multadd
                0x0000000000009498       0x90 D:/work/ncs/toolchains/fd21892d0f/opt/zephyr-sdk/arm-zephyr-eabi/arm-zephyr-eabi/lib/thumb/v8-m.main+fp/hard\libc_nano.a(lib_a-mprec.o)
                0x0000000000009498                __multadd
 .text.__i2b    0x0000000000009528       0x2c D:/work/ncs/toolchains/fd21892d0f/opt/zephyr-sdk/arm-zephyr-eabi/arm-zephyr-eabi/lib/thumb/v8-m.main+fp/hard\libc_nano.a(lib_a-mprec.o)
                0x0000000000009528                __i2b
 .text.__multiply
                0x0000000000009554      0x154 D:/work/ncs/toolchains/fd21892d0f/opt/zephyr-sdk/arm-zephyr-eabi/arm-zephyr-eabi/lib/thumb/v8-m.main+fp/hard\libc_nano.a(lib_a-mprec.o)
                0x0000000000009554                __multiply
 .text.__pow5mult
                0x00000000000096a8       0xb4 D:/work/ncs/toolchains/fd21892d0f/opt/zephyr-sdk/arm-zephyr-eabi/arm-zephyr-eabi/lib/thumb/v8-m.main+fp/hard\libc_nano.a(lib_a-mprec.o)
                0x00000000000096a8                __pow5mult
 .text.__lshift
                0x000000000000975c       0xd8 D:/work/ncs/toolchains/fd21892d0f/opt/zephyr-sdk/arm-zephyr-eabi/arm-zephyr-eabi/lib/thumb/v8-m.main+fp/hard\libc_nano.a(lib_a-mprec.o)
                0x000000000000975c                __lshift
 .text.__mdiff  0x0000000000009834      0x130 D:/work/ncs/toolchains/fd21892d0f/opt/zephyr-sdk/arm-zephyr-eabi/arm-zephyr-eabi/lib/thumb/v8-m.main+fp/hard\libc_nano.a(lib_a-mprec.o)
                0x0000000000009834                __mdiff
 .text.__d2b    0x0000000000009964       0xb0 D:/work/ncs/toolchains/fd21892d0f/opt/zephyr-sdk/arm-zephyr-eabi/arm-zephyr-eabi/lib/thumb/v8-m.main+fp/hard\libc_nano.a(lib_a-mprec.o)
                0x0000000000009964                __d2b
 .text.__assert_func
                0x0000000000009a14       0x3c D:/work/ncs/toolchains/fd21892d0f/opt/zephyr-sdk/arm-zephyr-eabi/arm-zephyr-eabi/lib/thumb/v8-m.main+fp/hard\libc_nano.a(lib_a-assert.o)
                0x0000000000009a14                __assert_func
 .text.fprintf  0x0000000000009a50       0x24 D:/work/ncs/toolchains/fd21892d0f/opt/zephyr-sdk/arm-zephyr-eabi/arm-zephyr-eabi/lib/thumb/v8-m.main+fp/hard\libc_nano.a(lib_a-fprintf.o)
                0x0000000000009a50                fiprintf
                0x0000000000009a50                fprintf
 .text._vfprintf_r
                0x0000000000009a74      0x258 D:/work/ncs/toolchains/fd21892d0f/opt/zephyr-sdk/arm-zephyr-eabi/arm-zephyr-eabi/lib/thumb/v8-m.main+fp/hard\libc_nano.a(lib_a-nano-vfprintf.o)
                0x0000000000009a74                _vfprintf_r
                0x0000000000009a74                _vfiprintf_r
 .text.__swbuf_r
                0x0000000000009ccc       0xa4 D:/work/ncs/toolchains/fd21892d0f/opt/zephyr-sdk/arm-zephyr-eabi/arm-zephyr-eabi/lib/thumb/v8-m.main+fp/hard\libc_nano.a(lib_a-wbuf.o)
                0x0000000000009ccc                __swbuf_r
 .text.__swsetup_r
                0x0000000000009d70       0xd8 D:/work/ncs/toolchains/fd21892d0f/opt/zephyr-sdk/arm-zephyr-eabi/arm-zephyr-eabi/lib/thumb/v8-m.main+fp/hard\libc_nano.a(lib_a-wsetup.o)
                0x0000000000009d70                __swsetup_r
 .text._fflush_r
                0x0000000000009e48       0x78 D:/work/ncs/toolchains/fd21892d0f/opt/zephyr-sdk/arm-zephyr-eabi/arm-zephyr-eabi/lib/thumb/v8-m.main+fp/hard\libc_nano.a(lib_a-fflush.o)
                0x0000000000009e48                _fflush_r
 .text.std      0x0000000000009ec0       0x48 D:/work/ncs/toolchains/fd21892d0f/opt/zephyr-sdk/arm-zephyr-eabi/arm-zephyr-eabi/lib/thumb/v8-m.main+fp/hard\libc_nano.a(lib_a-findfp.o)
 .text._cleanup_r
                0x0000000000009f08        0xc D:/work/ncs/toolchains/fd21892d0f/opt/zephyr-sdk/arm-zephyr-eabi/arm-zephyr-eabi/lib/thumb/v8-m.main+fp/hard\libc_nano.a(lib_a-findfp.o)
                0x0000000000009f08                _cleanup_r
 .text.__sfp_lock_acquire
                0x0000000000009f14        0xc D:/work/ncs/toolchains/fd21892d0f/opt/zephyr-sdk/arm-zephyr-eabi/arm-zephyr-eabi/lib/thumb/v8-m.main+fp/hard\libc_nano.a(lib_a-findfp.o)
                0x0000000000009f14                __sfp_lock_acquire
 .text.__sfp_lock_release
                0x0000000000009f20        0xc D:/work/ncs/toolchains/fd21892d0f/opt/zephyr-sdk/arm-zephyr-eabi/arm-zephyr-eabi/lib/thumb/v8-m.main+fp/hard\libc_nano.a(lib_a-findfp.o)
                0x0000000000009f20                __sfp_lock_release
 .text.__sinit_lock_acquire
                0x0000000000009f2c        0xc D:/work/ncs/toolchains/fd21892d0f/opt/zephyr-sdk/arm-zephyr-eabi/arm-zephyr-eabi/lib/thumb/v8-m.main+fp/hard\libc_nano.a(lib_a-findfp.o)
                0x0000000000009f2c                __sinit_lock_acquire
 .text.__sinit_lock_release
                0x0000000000009f38        0xc D:/work/ncs/toolchains/fd21892d0f/opt/zephyr-sdk/arm-zephyr-eabi/arm-zephyr-eabi/lib/thumb/v8-m.main+fp/hard\libc_nano.a(lib_a-findfp.o)
                0x0000000000009f38                __sinit_lock_release
 .text.__sinit  0x0000000000009f44       0x70 D:/work/ncs/toolchains/fd21892d0f/opt/zephyr-sdk/arm-zephyr-eabi/arm-zephyr-eabi/lib/thumb/v8-m.main+fp/hard\libc_nano.a(lib_a-findfp.o)
                0x0000000000009f44                __sinit
 .text.__sfp    0x0000000000009fb4       0x8c D:/work/ncs/toolchains/fd21892d0f/opt/zephyr-sdk/arm-zephyr-eabi/arm-zephyr-eabi/lib/thumb/v8-m.main+fp/hard\libc_nano.a(lib_a-findfp.o)
                0x0000000000009fb4                __sfp
 .text.__smakebuf_r
                0x000000000000a040       0x80 D:/work/ncs/toolchains/fd21892d0f/opt/zephyr-sdk/arm-zephyr-eabi/arm-zephyr-eabi/lib/thumb/v8-m.main+fp/hard\libc_nano.a(lib_a-makebuf.o)
                0x000000000000a040                __smakebuf_r
 .text._write_r
                0x000000000000a0c0       0x24 D:/work/ncs/toolchains/fd21892d0f/opt/zephyr-sdk/arm-zephyr-eabi/arm-zephyr-eabi/lib/thumb/v8-m.main+fp/hard\libc_nano.a(lib_a-writer.o)
                0x000000000000a0c0                _write_r
 .text._close_r
                0x000000000000a0e4       0x20 D:/work/ncs/toolchains/fd21892d0f/opt/zephyr-sdk/arm-zephyr-eabi/arm-zephyr-eabi/lib/thumb/v8-m.main+fp/hard\libc_nano.a(lib_a-closer.o)
                0x000000000000a0e4                _close_r
 .text._fstat_r
                0x000000000000a104       0x24 D:/work/ncs/toolchains/fd21892d0f/opt/zephyr-sdk/arm-zephyr-eabi/arm-zephyr-eabi/lib/thumb/v8-m.main+fp/hard\libc_nano.a(lib_a-fstatr.o)
                0x000000000000a104                _fstat_r
 .text._isatty_r
                0x000000000000a128       0x20 D:/work/ncs/toolchains/fd21892d0f/opt/zephyr-sdk/arm-zephyr-eabi/arm-zephyr-eabi/lib/thumb/v8-m.main+fp/hard\libc_nano.a(lib_a-isattyr.o)
                0x000000000000a128                _isatty_r
 .text._lseek_r
                0x000000000000a148       0x24 D:/work/ncs/toolchains/fd21892d0f/opt/zephyr-sdk/arm-zephyr-eabi/arm-zephyr-eabi/lib/thumb/v8-m.main+fp/hard\libc_nano.a(lib_a-lseekr.o)
                0x000000000000a148                _lseek_r
 .text._read_r  0x000000000000a16c       0x24 D:/work/ncs/toolchains/fd21892d0f/opt/zephyr-sdk/arm-zephyr-eabi/arm-zephyr-eabi/lib/thumb/v8-m.main+fp/hard\libc_nano.a(lib_a-readr.o)
                0x000000000000a16c                _read_r
 .text._OffsetAbsSyms
                0x000000000000a190        0x2 zephyr/CMakeFiles/offsets.dir/./arch/arm/core/offsets/offsets.c.obj
                0x000000000000a190                _OffsetAbsSyms
 .text.chunk_field
                0x000000000000a192       0x16 zephyr/libzephyr.a(heap.c.obj)
 .text.chunk_set
                0x000000000000a1a8       0x16 zephyr/libzephyr.a(heap.c.obj)
 .text.chunk_size
                0x000000000000a1be        0xc zephyr/libzephyr.a(heap.c.obj)
 .text.set_chunk_used
                0x000000000000a1ca       0x30 zephyr/libzephyr.a(heap.c.obj)
 .text.set_chunk_size
                0x000000000000a1fa        0x8 zephyr/libzephyr.a(heap.c.obj)
 .text.bucket_idx
                0x000000000000a202       0x1e zephyr/libzephyr.a(heap.c.obj)
 .text.free_list_add
                0x000000000000a220       0x84 zephyr/libzephyr.a(heap.c.obj)
 .text.sys_heap_init
                0x000000000000a2a4       0xb0 zephyr/libzephyr.a(heap.c.obj)
                0x000000000000a2a4                sys_heap_init
 .text.arch_printk_char_out
                0x000000000000a354        0x4 zephyr/libzephyr.a(printk.c.obj)
                0x000000000000a354                arch_printk_char_out
 .text.printk   0x000000000000a358       0x1a zephyr/libzephyr.a(printk.c.obj)
                0x000000000000a358                printk
 .text.z_thread_entry
                0x000000000000a372       0x14 zephyr/libzephyr.a(thread_entry.c.obj)
                0x000000000000a372                z_thread_entry
 .text._ldiv5   0x000000000000a386       0x30 zephyr/libzephyr.a(cbprintf_complete.c.obj)
 .text._get_digit
                0x000000000000a3b6       0x2e zephyr/libzephyr.a(cbprintf_complete.c.obj)
 .text.outs     0x000000000000a3e4       0x2e zephyr/libzephyr.a(cbprintf_complete.c.obj)
 .text.process_recheck
                0x000000000000a412       0x38 zephyr/libzephyr.a(onoff.c.obj)
 .text.validate_args
                0x000000000000a44a       0x20 zephyr/libzephyr.a(onoff.c.obj)
 .text.notify_one
                0x000000000000a46a       0x2c zephyr/libzephyr.a(onoff.c.obj)
 .text.transition_complete
                0x000000000000a496       0x1c zephyr/libzephyr.a(onoff.c.obj)
 .text.onoff_manager_init
                0x000000000000a4b2       0x26 zephyr/libzephyr.a(onoff.c.obj)
                0x000000000000a4b2                onoff_manager_init
 .text.onoff_request
                0x000000000000a4d8       0xae zephyr/libzephyr.a(onoff.c.obj)
                0x000000000000a4d8                onoff_request
 .text.onoff_release
                0x000000000000a586       0x48 zephyr/libzephyr.a(onoff.c.obj)
                0x000000000000a586                onoff_release
 .text.sys_notify_validate
                0x000000000000a5ce       0x22 zephyr/libzephyr.a(notify.c.obj)
                0x000000000000a5ce                sys_notify_validate
 .text.sys_notify_finalize
                0x000000000000a5f0       0x1a zephyr/libzephyr.a(notify.c.obj)
                0x000000000000a5f0                sys_notify_finalize
 .text._ConfigAbsSyms
                0x000000000000a60a        0x2 zephyr/libzephyr.a(configs.c.obj)
                0x000000000000a60a                _ConfigAbsSyms
 .text.arch_early_memset
                0x000000000000a60c        0x4 zephyr/arch/common/libarch__common.a(init.c.obj)
                0x000000000000a60c                arch_early_memset
 .text.arch_early_memcpy
                0x000000000000a610        0x4 zephyr/arch/common/libarch__common.a(init.c.obj)
                0x000000000000a610                arch_early_memcpy
 .text.z_do_kernel_oops
                0x000000000000a614        0x8 zephyr/arch/arch/arm/core/libarch__arm__core.a(fatal.c.obj)
                0x000000000000a614                z_do_kernel_oops
 .text.z_arm_nmi
                0x000000000000a61c        0xe zephyr/arch/arch/arm/core/libarch__arm__core.a(nmi.c.obj)
                0x000000000000a61c                z_arm_nmi
 .text.z_irq_spurious
                0x000000000000a62a        0x8 zephyr/arch/arch/arm/core/cortex_m/libarch__arm__core__cortex_m.a(irq_manage.c.obj)
                0x000000000000a62a                z_irq_spurious
 .text.configure_builtin_stack_guard
                0x000000000000a632        0x8 zephyr/arch/arch/arm/core/cortex_m/libarch__arm__core__cortex_m.a(thread.c.obj)
                0x000000000000a632                configure_builtin_stack_guard
 .text.arch_coprocessors_disable
                0x000000000000a63a        0x4 zephyr/arch/arch/arm/core/cortex_m/libarch__arm__core__cortex_m.a(thread.c.obj)
                0x000000000000a63a                arch_coprocessors_disable
 .text.arch_irq_unlock_outlined
                0x000000000000a63e        0xe zephyr/arch/arch/arm/core/cortex_m/libarch__arm__core__cortex_m.a(thread.c.obj)
                0x000000000000a63e                arch_irq_unlock_outlined
 .text.arch_cpu_idle
                0x000000000000a64c       0x1a zephyr/arch/arch/arm/core/cortex_m/libarch__arm__core__cortex_m.a(cpu_idle.c.obj)
                0x000000000000a64c                arch_cpu_idle
 .text.arch_cpu_atomic_idle
                0x000000000000a666       0x1e zephyr/arch/arch/arm/core/cortex_m/libarch__arm__core__cortex_m.a(cpu_idle.c.obj)
                0x000000000000a666                arch_cpu_atomic_idle
 .text.arm_cmse_mpu_region_get
                0x000000000000a684       0x12 zephyr/arch/arch/arm/core/cortex_m/cmse/libarch__arm__core__cortex_m__cmse.a(arm_core_cmse.c.obj)
                0x000000000000a684                arm_cmse_mpu_region_get
 .text.mpu_configure_region
                0x000000000000a696       0x32 zephyr/arch/arch/arm/core/mpu/libarch__arm__core__mpu.a(arm_mpu.c.obj)
 .text._stdin_hook_default
                0x000000000000a6c8        0x4 zephyr/lib/libc/newlib/liblib__libc__newlib.a(libc-hooks.c.obj)
 .text._stdout_hook_default
                0x000000000000a6cc        0x6 zephyr/lib/libc/newlib/liblib__libc__newlib.a(libc-hooks.c.obj)
 .text.malloc_prepare
                0x000000000000a6d2        0x4 zephyr/lib/libc/newlib/liblib__libc__newlib.a(libc-hooks.c.obj)
 .text._read    0x000000000000a6d6        0x8 zephyr/lib/libc/newlib/liblib__libc__newlib.a(libc-hooks.c.obj)
                0x000000000000a6d6                _read
                0x000000000000a6d6                read
 .text._write   0x000000000000a6de        0x8 zephyr/lib/libc/newlib/liblib__libc__newlib.a(libc-hooks.c.obj)
                0x000000000000a6de                _write
                0x000000000000a6de                write
 .text._close   0x000000000000a6e6        0x6 zephyr/lib/libc/newlib/liblib__libc__newlib.a(libc-hooks.c.obj)
                0x000000000000a6e6                _close
                0x000000000000a6e6                close
 .text._lseek   0x000000000000a6ec        0x4 zephyr/lib/libc/newlib/liblib__libc__newlib.a(libc-hooks.c.obj)
                0x000000000000a6ec                _lseek
                0x000000000000a6ec                lseek
 .text._isatty  0x000000000000a6f0        0xa zephyr/lib/libc/newlib/liblib__libc__newlib.a(libc-hooks.c.obj)
                0x000000000000a6f0                _isatty
                0x000000000000a6f0                isatty
 .text._fstat   0x000000000000a6fa        0xa zephyr/lib/libc/newlib/liblib__libc__newlib.a(libc-hooks.c.obj)
                0x000000000000a6fa                fstat
                0x000000000000a6fa                _fstat
 .text.__retarget_lock_init_recursive
                0x000000000000a704       0x14 zephyr/lib/libc/newlib/liblib__libc__newlib.a(libc-hooks.c.obj)
                0x000000000000a704                __retarget_lock_init_recursive
 .text.__retarget_lock_acquire_recursive
                0x000000000000a718        0xc zephyr/lib/libc/newlib/liblib__libc__newlib.a(libc-hooks.c.obj)
                0x000000000000a718                __retarget_lock_acquire_recursive
 .text.__retarget_lock_release_recursive
                0x000000000000a724        0x4 zephyr/lib/libc/newlib/liblib__libc__newlib.a(libc-hooks.c.obj)
                0x000000000000a724                __retarget_lock_release_recursive
 .text.get_status
                0x000000000000a728       0x12 zephyr/drivers/clock_control/libdrivers__clock_control.a(clock_control_nrf.c.obj)
 .text.stop     0x000000000000a73a       0x52 zephyr/drivers/clock_control/libdrivers__clock_control.a(clock_control_nrf.c.obj)
 .text.api_stop
                0x000000000000a78c        0x6 zephyr/drivers/clock_control/libdrivers__clock_control.a(clock_control_nrf.c.obj)
 .text.async_start
                0x000000000000a792       0x5c zephyr/drivers/clock_control/libdrivers__clock_control.a(clock_control_nrf.c.obj)
 .text.api_start
                0x000000000000a7ee        0xe zephyr/drivers/clock_control/libdrivers__clock_control.a(clock_control_nrf.c.obj)
 .text.onoff_started_callback
                0x000000000000a7fc       0x14 zephyr/drivers/clock_control/libdrivers__clock_control.a(clock_control_nrf.c.obj)
 .text.blocking_start_callback
                0x000000000000a810        0x6 zephyr/drivers/clock_control/libdrivers__clock_control.a(clock_control_nrf.c.obj)
 .text.lfclk_stop
                0x000000000000a816        0x4 zephyr/drivers/clock_control/libdrivers__clock_control.a(clock_control_nrf.c.obj)
 .text.lfclk_start
                0x000000000000a81a        0x4 zephyr/drivers/clock_control/libdrivers__clock_control.a(clock_control_nrf.c.obj)
 .text.gpio_nrfx_port_get_raw
                0x000000000000a81e        0xc zephyr/drivers/gpio/libdrivers__gpio.a(gpio_nrfx.c.obj)
 .text.gpio_nrfx_port_set_masked_raw
                0x000000000000a82a       0x14 zephyr/drivers/gpio/libdrivers__gpio.a(gpio_nrfx.c.obj)
 .text.gpio_nrfx_port_set_bits_raw
                0x000000000000a83e        0xa zephyr/drivers/gpio/libdrivers__gpio.a(gpio_nrfx.c.obj)
 .text.gpio_nrfx_port_clear_bits_raw
                0x000000000000a848        0xa zephyr/drivers/gpio/libdrivers__gpio.a(gpio_nrfx.c.obj)
 .text.gpio_nrfx_port_toggle_bits
                0x000000000000a852       0x14 zephyr/drivers/gpio/libdrivers__gpio.a(gpio_nrfx.c.obj)
 .text.gpio_nrfx_manage_callback
                0x000000000000a866       0x52 zephyr/drivers/gpio/libdrivers__gpio.a(gpio_nrfx.c.obj)
 .text.gpio_nrfx_gpiote_irq_handler
                0x000000000000a8b8        0x4 zephyr/drivers/gpio/libdrivers__gpio.a(gpio_nrfx.c.obj)
                0x000000000000a8b8                gpio_nrfx_gpiote_irq_handler
 .text.z_impl_i2s_buf_read
                0x000000000000a8bc       0x40 zephyr/drivers/i2s/libdrivers__i2s.a(i2s_common.c.obj)
                0x000000000000a8bc                z_impl_i2s_buf_read
 .text.z_impl_i2s_buf_write
                0x000000000000a8fc       0x68 zephyr/drivers/i2s/libdrivers__i2s.a(i2s_common.c.obj)
                0x000000000000a8fc                z_impl_i2s_buf_write
 .text.i2s_nrfx_config_get
                0x000000000000a964       0x2c zephyr/drivers/i2s/libdrivers__i2s.a(i2s_nrfx.c.obj)
 .text.get_next_tx_buffer
                0x000000000000a990       0x26 zephyr/drivers/i2s/libdrivers__i2s.a(i2s_nrfx.c.obj)
 .text.start_transfer
                0x000000000000a9b6       0xa4 zephyr/drivers/i2s/libdrivers__i2s.a(i2s_nrfx.c.obj)
 .text.clock_started_callback
                0x000000000000aa5a       0x2a zephyr/drivers/i2s/libdrivers__i2s.a(i2s_nrfx.c.obj)
 .text.supply_next_buffers
                0x000000000000aa84       0x54 zephyr/drivers/i2s/libdrivers__i2s.a(i2s_nrfx.c.obj)
 .text.i2s_nrfx_write
                0x000000000000aad8       0x9e zephyr/drivers/i2s/libdrivers__i2s.a(i2s_nrfx.c.obj)
 .text.purge_queue.isra.0
                0x000000000000ab76       0x52 zephyr/drivers/i2s/libdrivers__i2s.a(i2s_nrfx.c.obj)
 .text.i2s_nrfx_read
                0x000000000000abc8       0x74 zephyr/drivers/i2s/libdrivers__i2s.a(i2s_nrfx.c.obj)
 .text.pinctrl_lookup_state
                0x000000000000ac3c       0x26 zephyr/drivers/pinctrl/libdrivers__pinctrl.a(common.c.obj)
                0x000000000000ac3c                pinctrl_lookup_state
 .text.uarte_nrfx_isr_int
                0x000000000000ac62        0xa zephyr/drivers/serial/libdrivers__serial.a(uart_nrfx_uarte.c.obj)
 .text.uarte_nrfx_err_check
                0x000000000000ac6c        0xe zephyr/drivers/serial/libdrivers__serial.a(uart_nrfx_uarte.c.obj)
 .text.uarte_nrfx_poll_in
                0x000000000000ac7a       0x26 zephyr/drivers/serial/libdrivers__serial.a(uart_nrfx_uarte.c.obj)
 .text.pinctrl_apply_state.isra.0
                0x000000000000aca0       0x1e zephyr/drivers/serial/libdrivers__serial.a(uart_nrfx_uarte.c.obj)
 .text.uarte_20_init
                0x000000000000acbe       0xaa zephyr/drivers/serial/libdrivers__serial.a(uart_nrfx_uarte.c.obj)
 .text.grtc_post_init
                0x000000000000ad68        0xc zephyr/drivers/timer/libdrivers__timer.a(nrf_grtc_timer.c.obj)
 .text._psa_crypto_init
                0x000000000000ad74       0x1e modules/nrf/subsys/nrf_security/src/zephyr/libmbedtls_zephyr.a(psa_crypto_init.c.obj)
 .text.nrfx_isr
                0x000000000000ad92        0x6 modules/hal_nordic/modules/hal_nordic/nrfx/libnrfx.a(nrfx_glue.c.obj)
                0x000000000000ad92                nrfx_isr
 .text.nrfx_busy_wait
                0x000000000000ad98        0x4 modules/hal_nordic/modules/hal_nordic/nrfx/libnrfx.a(nrfx_glue.c.obj)
                0x000000000000ad98                nrfx_busy_wait
 .text.nrfx_flag32_alloc
                0x000000000000ad9c       0x34 modules/hal_nordic/modules/hal_nordic/nrfx/libnrfx.a(nrfx_flag32_allocator.c.obj)
                0x000000000000ad9c                nrfx_flag32_alloc
 .text.nrfx_flag32_free
                0x000000000000add0       0x32 modules/hal_nordic/modules/hal_nordic/nrfx/libnrfx.a(nrfx_flag32_allocator.c.obj)
                0x000000000000add0                nrfx_flag32_free
 .text.lfclk_event_handler
                0x000000000000ae02        0x4 modules/hal_nordic/modules/hal_nordic/nrfx/libnrfx.a(nrfx_clock.c.obj)
 .text.nrfx_clock_start
                0x000000000000ae06       0x10 modules/hal_nordic/modules/hal_nordic/nrfx/libnrfx.a(nrfx_clock.c.obj)
                0x000000000000ae06                nrfx_clock_start
 .text.nrfx_clock_stop
                0x000000000000ae16       0x10 modules/hal_nordic/modules/hal_nordic/nrfx/libnrfx.a(nrfx_clock.c.obj)
                0x000000000000ae16                nrfx_clock_stop
 .text.nrfx_power_clock_irq_handler
                0x000000000000ae26        0xe modules/hal_nordic/modules/hal_nordic/nrfx/libnrfx.a(nrfx_clock.c.obj)
                0x000000000000ae26                nrfx_power_clock_irq_handler
 .text.nrfx_clock_lfclk_stop
                0x000000000000ae34        0x4 modules/hal_nordic/modules/hal_nordic/nrfx/libnrfx.a(nrfx_clock_lfclk.c.obj)
                0x000000000000ae34                nrfx_clock_lfclk_stop
 .text.nrfx_clock_xo_stop
                0x000000000000ae38        0x4 modules/hal_nordic/modules/hal_nordic/nrfx/libnrfx.a(nrfx_clock_xo.c.obj)
                0x000000000000ae38                nrfx_clock_xo_stop
 .text.nrf_gpio_reconfigure
                0x000000000000ae3c       0x92 modules/hal_nordic/modules/hal_nordic/nrfx/libnrfx.a(nrfx_gpiote.c.obj)
 .text.nrf_gpio_cfg_sense_set
                0x000000000000aece       0x1e modules/hal_nordic/modules/hal_nordic/nrfx/libnrfx.a(nrfx_gpiote.c.obj)
 .text.pin_in_use_by_te
                0x000000000000aeec       0x16 modules/hal_nordic/modules/hal_nordic/nrfx/libnrfx.a(nrfx_gpiote.c.obj)
 .text.pin_is_output
                0x000000000000af02       0x16 modules/hal_nordic/modules/hal_nordic/nrfx/libnrfx.a(nrfx_gpiote.c.obj)
 .text.pin_te_get
                0x000000000000af18       0x14 modules/hal_nordic/modules/hal_nordic/nrfx/libnrfx.a(nrfx_gpiote.c.obj)
 .text.call_handler
                0x000000000000af2c       0x3e modules/hal_nordic/modules/hal_nordic/nrfx/libnrfx.a(nrfx_gpiote.c.obj)
 .text.release_handler
                0x000000000000af6a       0x54 modules/hal_nordic/modules/hal_nordic/nrfx/libnrfx.a(nrfx_gpiote.c.obj)
 .text.__nrfy_internal_gpiote_events_process
                0x000000000000afbe       0x4e modules/hal_nordic/modules/hal_nordic/nrfx/libnrfx.a(nrfx_gpiote.c.obj)
 .text.pin_trigger_disable
                0x000000000000b00c       0x46 modules/hal_nordic/modules/hal_nordic/nrfx/libnrfx.a(nrfx_gpiote.c.obj)
 .text.nrfx_gpiote_input_configure
                0x000000000000b052      0x172 modules/hal_nordic/modules/hal_nordic/nrfx/libnrfx.a(nrfx_gpiote.c.obj)
                0x000000000000b052                nrfx_gpiote_input_configure
 .text.nrfx_gpiote_global_callback_set
                0x000000000000b1c4        0x6 modules/hal_nordic/modules/hal_nordic/nrfx/libnrfx.a(nrfx_gpiote.c.obj)
                0x000000000000b1c4                nrfx_gpiote_global_callback_set
 .text.nrfx_gpiote_channel_get
                0x000000000000b1ca       0x26 modules/hal_nordic/modules/hal_nordic/nrfx/libnrfx.a(nrfx_gpiote.c.obj)
                0x000000000000b1ca                nrfx_gpiote_channel_get
 .text.nrfx_gpiote_init_check
                0x000000000000b1f0        0xc modules/hal_nordic/modules/hal_nordic/nrfx/libnrfx.a(nrfx_gpiote.c.obj)
                0x000000000000b1f0                nrfx_gpiote_init_check
 .text.nrfx_gpiote_pin_uninit
                0x000000000000b1fc        0x4 modules/hal_nordic/modules/hal_nordic/nrfx/libnrfx.a(nrfx_gpiote.c.obj)
                0x000000000000b1fc                nrfx_gpiote_pin_uninit
 .text.nrfx_gpiote_trigger_enable
                0x000000000000b200       0xa4 modules/hal_nordic/modules/hal_nordic/nrfx/libnrfx.a(nrfx_gpiote.c.obj)
                0x000000000000b200                nrfx_gpiote_trigger_enable
 .text.nrfx_gpiote_trigger_disable
                0x000000000000b2a4        0x4 modules/hal_nordic/modules/hal_nordic/nrfx/libnrfx.a(nrfx_gpiote.c.obj)
                0x000000000000b2a4                nrfx_gpiote_trigger_disable
 .text.validate_config
                0x000000000000b2a8       0x36 modules/hal_nordic/modules/hal_nordic/nrfx/libnrfx.a(nrfx_i2s.c.obj)
 .text.nrfx_i2s_init
                0x000000000000b2de      0x130 modules/hal_nordic/modules/hal_nordic/nrfx/libnrfx.a(nrfx_i2s.c.obj)
                0x000000000000b2de                nrfx_i2s_init
 .text.nrfx_i2s_uninit
                0x000000000000b40e       0x72 modules/hal_nordic/modules/hal_nordic/nrfx/libnrfx.a(nrfx_i2s.c.obj)
                0x000000000000b40e                nrfx_i2s_uninit
 .text.nrfx_i2s_start
                0x000000000000b480       0xc4 modules/hal_nordic/modules/hal_nordic/nrfx/libnrfx.a(nrfx_i2s.c.obj)
                0x000000000000b480                nrfx_i2s_start
 .text.nrfx_i2s_next_buffers_set
                0x000000000000b544       0x76 modules/hal_nordic/modules/hal_nordic/nrfx/libnrfx.a(nrfx_i2s.c.obj)
                0x000000000000b544                nrfx_i2s_next_buffers_set
 .text.nrfx_i2s_stop
                0x000000000000b5ba       0x10 modules/hal_nordic/modules/hal_nordic/nrfx/libnrfx.a(nrfx_i2s.c.obj)
                0x000000000000b5ba                nrfx_i2s_stop
 .text.nrfx_i2s_irq_handler
                0x000000000000b5ca      0x10c modules/hal_nordic/modules/hal_nordic/nrfx/libnrfx.a(nrfx_i2s.c.obj)
                0x000000000000b5ca                nrfx_i2s_irq_handler
 .text.nrfx_rramc_write_enable_set
                0x000000000000b6d6        0x6 modules/hal_nordic/modules/hal_nordic/nrfx/libnrfx.a(nrfx_rramc.c.obj)
                0x000000000000b6d6                nrfx_rramc_write_enable_set
 .text.z_impl_k_busy_wait
                0x000000000000b6dc        0x8 zephyr/kernel/libkernel.a(busy_wait.c.obj)
                0x000000000000b6dc                z_impl_k_busy_wait
 .text.do_device_init
                0x000000000000b6e4       0x30 zephyr/kernel/libkernel.a(device.c.obj)
                0x000000000000b6e4                do_device_init
 .text.z_impl_device_is_ready
                0x000000000000b714       0x16 zephyr/kernel/libkernel.a(device.c.obj)
                0x000000000000b714                z_impl_device_is_ready
 .text.arch_system_halt
                0x000000000000b72a       0x10 zephyr/kernel/libkernel.a(fatal.c.obj)
                0x000000000000b72a                arch_system_halt
 .text.k_sys_fatal_error_handler
                0x000000000000b73a        0x6 zephyr/kernel/libkernel.a(fatal.c.obj)
                0x000000000000b73a                k_sys_fatal_error_handler
 .text.create_free_list
                0x000000000000b740       0x34 zephyr/kernel/libkernel.a(mem_slab.c.obj)
 .text.k_mem_slab_free
                0x000000000000b774       0x70 zephyr/kernel/libkernel.a(mem_slab.c.obj)
                0x000000000000b774                k_mem_slab_free
 .text.idle     0x000000000000b7e4       0x16 zephyr/kernel/libkernel.a(idle.c.obj)
                0x000000000000b7e4                idle
 .text.unpend_thread_no_timeout
                0x000000000000b7fa       0x1a zephyr/kernel/libkernel.a(msg_q.c.obj)
 .text.k_msgq_init
                0x000000000000b814       0x1e zephyr/kernel/libkernel.a(msg_q.c.obj)
                0x000000000000b814                k_msgq_init
 .text.z_impl_k_msgq_put
                0x000000000000b832        0xe zephyr/kernel/libkernel.a(msg_q.c.obj)
                0x000000000000b832                z_impl_k_msgq_put
 .text.adjust_owner_prio.isra.0
                0x000000000000b840       0x10 zephyr/kernel/libkernel.a(mutex.c.obj)
 .text.z_impl_k_mutex_init
                0x000000000000b850        0xe zephyr/kernel/libkernel.a(mutex.c.obj)
                0x000000000000b850                z_impl_k_mutex_init
 .text.k_is_in_isr
                0x000000000000b85e        0xc zephyr/kernel/libkernel.a(thread.c.obj)
                0x000000000000b85e                k_is_in_isr
 .text.sys_dlist_remove
                0x000000000000b86a       0x10 zephyr/kernel/libkernel.a(sched.c.obj)
 .text.unpend_thread_no_timeout
                0x000000000000b87a       0x14 zephyr/kernel/libkernel.a(sched.c.obj)
 .text.add_to_waitq_locked
                0x000000000000b88e       0x50 zephyr/kernel/libkernel.a(sched.c.obj)
 .text.z_ready_thread
                0x000000000000b8de       0x1e zephyr/kernel/libkernel.a(sched.c.obj)
                0x000000000000b8de                z_ready_thread
 .text.z_sched_wake_thread
                0x000000000000b8fc       0x46 zephyr/kernel/libkernel.a(sched.c.obj)
                0x000000000000b8fc                z_sched_wake_thread
 .text.z_thread_timeout
                0x000000000000b942        0x8 zephyr/kernel/libkernel.a(sched.c.obj)
                0x000000000000b942                z_thread_timeout
 .text.z_impl_k_sleep
                0x000000000000b94a       0x42 zephyr/kernel/libkernel.a(sched.c.obj)
                0x000000000000b94a                z_impl_k_sleep
 .text.z_impl_k_usleep
                0x000000000000b98c       0x1a zephyr/kernel/libkernel.a(sched.c.obj)
                0x000000000000b98c                z_impl_k_usleep
 .text.z_sched_waitq_walk
                0x000000000000b9a6       0x44 zephyr/kernel/libkernel.a(sched.c.obj)
                0x000000000000b9a6                z_sched_waitq_walk
 .text.next_timeout
                0x000000000000b9ea       0x2e zephyr/kernel/libkernel.a(timeout.c.obj)
 .text.z_abort_timeout
                0x000000000000ba18       0x50 zephyr/kernel/libkernel.a(timeout.c.obj)
                0x000000000000ba18                z_abort_timeout
 .text.sys_clock_tick_get_32
                0x000000000000ba68        0x8 zephyr/kernel/libkernel.a(timeout.c.obj)
                0x000000000000ba68                sys_clock_tick_get_32
 .text.boot_banner
                0x000000000000ba70        0x2 zephyr/kernel/libkernel.a(banner.c.obj)
                0x000000000000ba70                boot_banner
 .text.k_heap_init
                0x000000000000ba72       0x12 zephyr/kernel/libkernel.a(kheap.c.obj)
                0x000000000000ba72                k_heap_init
 .text.psa_remove_key_data_from_memory
                0x000000000000ba84       0x16 modules/nrf/subsys/nrf_security/src/core/nrf_oberon/libpsa_core.a(psa_crypto.c.obj)
                0x000000000000ba84                psa_remove_key_data_from_memory
 .text.psa_wipe_key_slot
                0x000000000000ba9a       0x3a modules/nrf/subsys/nrf_security/src/core/nrf_oberon/libpsa_core.a(psa_crypto.c.obj)
                0x000000000000ba9a                psa_wipe_key_slot
 .text.psa_driver_wrapper_init
                0x000000000000bad4        0x4 modules/nrf/subsys/nrf_security/src/core/nrf_oberon/libpsa_core.a(psa_crypto_driver_wrappers.c.obj)
                0x000000000000bad4                psa_driver_wrapper_init
 .text.psa_driver_wrapper_free
                0x000000000000bad8        0x2 modules/nrf/subsys/nrf_security/src/core/nrf_oberon/libpsa_core.a(psa_crypto_driver_wrappers.c.obj)
                0x000000000000bad8                psa_driver_wrapper_free
 .text.psa_driver_wrapper_init_random
                0x000000000000bada        0x4 modules/nrf/subsys/nrf_security/src/core/nrf_oberon/libpsa_core.a(psa_crypto_driver_wrappers.c.obj)
                0x000000000000bada                psa_driver_wrapper_init_random
 .text.psa_driver_wrapper_free_random
                0x000000000000bade        0x4 modules/nrf/subsys/nrf_security/src/core/nrf_oberon/libpsa_core.a(psa_crypto_driver_wrappers.c.obj)
                0x000000000000bade                psa_driver_wrapper_free_random
 .text.platform_free_uninit
                0x000000000000bae2        0x2 modules/nrf/subsys/nrf_security/src/core/nrf_oberon/libpsa_core.a(platform.c.obj)
 .text.mbedtls_zeroize_and_free
                0x000000000000bae4       0x14 modules/nrf/subsys/nrf_security/src/core/nrf_oberon/libpsa_core.a(platform_util.c.obj)
                0x000000000000bae4                mbedtls_zeroize_and_free
 .text.silex_statuscodes_to_psa
                0x000000000000baf8       0xbc modules/nrf/subsys/nrf_security/src/drivers/cracen/libcracen_psa_driver.a(common.c.obj)
                0x000000000000baf8                silex_statuscodes_to_psa
 .text.cracen_xorbytes
                0x000000000000bbb4       0x1a modules/nrf/subsys/nrf_security/src/drivers/cracen/libcracen_psa_driver.a(common.c.obj)
                0x000000000000bbb4                cracen_xorbytes
 .text.cracen_be_add
                0x000000000000bbce       0x14 modules/nrf/subsys/nrf_security/src/drivers/cracen/libcracen_psa_driver.a(common.c.obj)
                0x000000000000bbce                cracen_be_add
 .text.safe_memset
                0x000000000000bbe2       0x16 modules/nrf/subsys/nrf_security/src/drivers/cracen/libcracen_psa_driver.a(mem_helpers.c.obj)
                0x000000000000bbe2                safe_memset
 .text.safe_memzero
                0x000000000000bbf8       0x18 modules/nrf/subsys/nrf_security/src/drivers/cracen/libcracen_psa_driver.a(mem_helpers.c.obj)
                0x000000000000bbf8                safe_memzero
 .text.lib_kmu_is_slot_empty
                0x000000000000bc10       0x14 modules/nrf/subsys/nrf_security/src/drivers/cracen/libcracen_psa_driver.a(lib_kmu.c.obj)
                0x000000000000bc10                lib_kmu_is_slot_empty
 .text.trng_get_entropy
                0x000000000000bc24       0x50 modules/nrf/subsys/nrf_security/src/drivers/cracen/libcracen_psa_driver.a(cracen_psa_ctr_drbg.c.obj)
 .text.psa_set_key_usage_flags
                0x000000000000bc74       0x14 modules/nrf/subsys/nrf_security/src/drivers/cracen/libcracen_psa_driver.a(cracen_psa_kmu.c.obj)
 .text.set_provisioning_in_progress
                0x000000000000bc88       0x30 modules/nrf/subsys/nrf_security/src/drivers/cracen/libcracen_psa_driver.a(cracen_psa_kmu.c.obj)
 .text.clean_up_unfinished_provisioning
                0x000000000000bcb8       0x46 modules/nrf/subsys/nrf_security/src/drivers/cracen/libcracen_psa_driver.a(cracen_psa_kmu.c.obj)
 .text.cracen_push_prot_ram_inv_slots
                0x000000000000bcfe       0x2e modules/nrf/subsys/nrf_security/src/drivers/cracen/libcracen_psa_driver.a(cracen_psa_kmu.c.obj)
                0x000000000000bcfe                cracen_push_prot_ram_inv_slots
 .text.sx_cmdma_reset
                0x000000000000bd2c       0x4a modules/nrf/subsys/nrf_security/src/drivers/cracen/libcracen_psa_driver.a(cmdma.c.obj)
                0x000000000000bd2c                sx_cmdma_reset
 .text.sx_cmdma_check
                0x000000000000bd76       0x4e modules/nrf/subsys/nrf_security/src/drivers/cracen/libcracen_psa_driver.a(cmdma.c.obj)
                0x000000000000bd76                sx_cmdma_check
 .text.sx_trng_close
                0x000000000000bdc4       0x14 modules/nrf/subsys/nrf_security/src/drivers/cracen/libcracen_psa_driver.a(trng.c.obj)
                0x000000000000bdc4                sx_trng_close
 .text.sx_clear_interrupt
                0x000000000000bdd8        0x8 modules/nrf/subsys/nrf_security/src/drivers/cracen/libcracen_psa_driver.a(pk_baremetal.c.obj)
                0x000000000000bdd8                sx_clear_interrupt
 .text.convert_ba414_capabilities
                0x000000000000bde0       0x4c modules/nrf/subsys/nrf_security/src/drivers/cracen/libcracen_psa_driver.a(ba414_status.c.obj)
                0x000000000000bde0                convert_ba414_capabilities
 .text.mbedtls_mutex_unlock_fn
                0x000000000000be2c        0x4 modules/nrf/subsys/nrf_security/src/libmbedcrypto_base.a(threading_alt.c.obj)
                0x000000000000be2c                mbedtls_mutex_unlock_fn
 .text.mbedtls_mutex_lock_fn
                0x000000000000be30        0xc modules/nrf/subsys/nrf_security/src/libmbedcrypto_base.a(threading_alt.c.obj)
                0x000000000000be30                mbedtls_mutex_lock_fn
 .text.nrf_security_mutex_lock
                0x000000000000be3c        0xc modules/nrf/subsys/nrf_security/src/libnrf_security_utils.a(nrf_security_mutexes.c.obj)
                0x000000000000be3c                nrf_security_mutex_lock
 .text.nrf_security_mutex_unlock
                0x000000000000be48        0x4 modules/nrf/subsys/nrf_security/src/libnrf_security_utils.a(nrf_security_mutexes.c.obj)
                0x000000000000be48                nrf_security_mutex_unlock
 .text.nrf_security_event_init
                0x000000000000be4c        0x4 modules/nrf/subsys/nrf_security/src/libnrf_security_utils.a(nrf_security_events.c.obj)
                0x000000000000be4c                nrf_security_event_init
 .text.nrf_security_event_wait
                0x000000000000be50       0x1a modules/nrf/subsys/nrf_security/src/libnrf_security_utils.a(nrf_security_events.c.obj)
                0x000000000000be50                nrf_security_event_wait
 .text.nrf_security_event_clear
                0x000000000000be6a        0x4 modules/nrf/subsys/nrf_security/src/libnrf_security_utils.a(nrf_security_events.c.obj)
                0x000000000000be6a                nrf_security_event_clear
 .text.nrf_security_event_set
                0x000000000000be6e        0x4 modules/nrf/subsys/nrf_security/src/libnrf_security_utils.a(nrf_security_events.c.obj)
                0x000000000000be6e                nrf_security_event_set
 .text.nrf_security_core_delay_us
                0x000000000000be72        0x4 modules/nrf/subsys/nrf_security/src/libnrf_security_utils.a(nrf_security_core.c.obj)
                0x000000000000be72                nrf_security_core_delay_us
 .text.k_event_wait_internal
                0x000000000000be76       0x86 zephyr/kernel/libkernel.a(events.c.obj)
 .text.event_walk_op
                0x000000000000befc       0x3c zephyr/kernel/libkernel.a(events.c.obj)
 .text.z_impl_k_event_init
                0x000000000000bf38        0xa zephyr/kernel/libkernel.a(events.c.obj)
                0x000000000000bf38                z_impl_k_event_init
 .text.z_impl_k_event_set
                0x000000000000bf42        0x8 zephyr/kernel/libkernel.a(events.c.obj)
                0x000000000000bf42                z_impl_k_event_set
 .text.z_impl_k_event_clear
                0x000000000000bf4a        0x8 zephyr/kernel/libkernel.a(events.c.obj)
                0x000000000000bf4a                z_impl_k_event_clear
 .text.z_impl_k_event_wait
                0x000000000000bf52        0x6 zephyr/kernel/libkernel.a(events.c.obj)
                0x000000000000bf52                z_impl_k_event_wait
 .text.memcmp   0x000000000000bf58       0x20 D:/work/ncs/toolchains/fd21892d0f/opt/zephyr-sdk/arm-zephyr-eabi/arm-zephyr-eabi/lib/thumb/v8-m.main+fp/hard\libc_nano.a(lib_a-memcmp.o)
                0x000000000000bf58                memcmp
 .text.memcpy   0x000000000000bf78       0x1a D:/work/ncs/toolchains/fd21892d0f/opt/zephyr-sdk/arm-zephyr-eabi/arm-zephyr-eabi/lib/thumb/v8-m.main+fp/hard\libc_nano.a(lib_a-memcpy-stub.o)
                0x000000000000bf78                memcpy
 .text.memset   0x000000000000bf92       0x10 D:/work/ncs/toolchains/fd21892d0f/opt/zephyr-sdk/arm-zephyr-eabi/arm-zephyr-eabi/lib/thumb/v8-m.main+fp/hard\libc_nano.a(lib_a-memset.o)
                0x000000000000bf92                memset
 .text.__cvt    0x000000000000bfa2       0xd0 D:/work/ncs/toolchains/fd21892d0f/opt/zephyr-sdk/arm-zephyr-eabi/arm-zephyr-eabi/lib/thumb/v8-m.main+fp/hard\libc_nano.a(lib_a-nano-vfprintf_float.o)
                0x000000000000bfa2                __cvt
 .text.__exponent
                0x000000000000c072       0x72 D:/work/ncs/toolchains/fd21892d0f/opt/zephyr-sdk/arm-zephyr-eabi/arm-zephyr-eabi/lib/thumb/v8-m.main+fp/hard\libc_nano.a(lib_a-nano-vfprintf_float.o)
                0x000000000000c072                __exponent
 .text._printf_common
                0x000000000000c0e4       0xe4 D:/work/ncs/toolchains/fd21892d0f/opt/zephyr-sdk/arm-zephyr-eabi/arm-zephyr-eabi/lib/thumb/v8-m.main+fp/hard\libc_nano.a(lib_a-nano-vfprintf_i.o)
                0x000000000000c0e4                _printf_common
 .text.strnlen  0x000000000000c1c8       0x18 D:/work/ncs/toolchains/fd21892d0f/opt/zephyr-sdk/arm-zephyr-eabi/arm-zephyr-eabi/lib/thumb/v8-m.main+fp/hard\libc_nano.a(lib_a-strnlen.o)
                0x000000000000c1c8                strnlen
 .text.quorem   0x000000000000c1e0      0x11a D:/work/ncs/toolchains/fd21892d0f/opt/zephyr-sdk/arm-zephyr-eabi/arm-zephyr-eabi/lib/thumb/v8-m.main+fp/hard\libc_nano.a(lib_a-dtoa.o)
 .text.memchr   0x000000000000c2fa       0x1c D:/work/ncs/toolchains/fd21892d0f/opt/zephyr-sdk/arm-zephyr-eabi/arm-zephyr-eabi/lib/thumb/v8-m.main+fp/hard\libc_nano.a(lib_a-memchr-stub.o)
                0x000000000000c2fa                memchr
 .text.__hi0bits
                0x000000000000c316       0x44 D:/work/ncs/toolchains/fd21892d0f/opt/zephyr-sdk/arm-zephyr-eabi/arm-zephyr-eabi/lib/thumb/v8-m.main+fp/hard\libc_nano.a(lib_a-mprec.o)
                0x000000000000c316                __hi0bits
 .text.__lo0bits
                0x000000000000c35a       0x5a D:/work/ncs/toolchains/fd21892d0f/opt/zephyr-sdk/arm-zephyr-eabi/arm-zephyr-eabi/lib/thumb/v8-m.main+fp/hard\libc_nano.a(lib_a-mprec.o)
                0x000000000000c35a                __lo0bits
 .text.__mcmp   0x000000000000c3b4       0x36 D:/work/ncs/toolchains/fd21892d0f/opt/zephyr-sdk/arm-zephyr-eabi/arm-zephyr-eabi/lib/thumb/v8-m.main+fp/hard\libc_nano.a(lib_a-mprec.o)
                0x000000000000c3b4                __mcmp
 .text._calloc_r
                0x000000000000c3ea       0x1c D:/work/ncs/toolchains/fd21892d0f/opt/zephyr-sdk/arm-zephyr-eabi/arm-zephyr-eabi/lib/thumb/v8-m.main+fp/hard\libc_nano.a(lib_a-nano-callocr.o)
                0x000000000000c3ea                _calloc_r
 .text.__ascii_mbtowc